Archive member included to satisfy reference by file (symbol)

/usr/share/MRS2/MRS-linux-x64/resources/app/resources/linux/components/WCH/Toolchain/RISC-V Embedded GCC/bin/../lib/gcc/riscv-none-embed/8.2.0/rv32imacxw/ilp32/libgcc.a(save-restore.o)
                              ./User/USB_Host/app_km.o (__riscv_save_12)
/usr/share/MRS2/MRS-linux-x64/resources/app/resources/linux/components/WCH/Toolchain/RISC-V Embedded GCC/bin/../lib/gcc/riscv-none-embed/8.2.0/../../../../riscv-none-embed/lib/rv32imacxw/ilp32/libg_nano.a(lib_a-memchr.o)
                              ./User/USB_Host/app_km.o (memchr)
/usr/share/MRS2/MRS-linux-x64/resources/app/resources/linux/components/WCH/Toolchain/RISC-V Embedded GCC/bin/../lib/gcc/riscv-none-embed/8.2.0/../../../../riscv-none-embed/lib/rv32imacxw/ilp32/libg_nano.a(lib_a-memcpy.o)
                              ./User/USB_Host/ch32v20x_usbfs_host.o (memcpy)
/usr/share/MRS2/MRS-linux-x64/resources/app/resources/linux/components/WCH/Toolchain/RISC-V Embedded GCC/bin/../lib/gcc/riscv-none-embed/8.2.0/../../../../riscv-none-embed/lib/rv32imacxw/ilp32/libg_nano.a(lib_a-memset.o)
                              ./User/USB_Host/app_km.o (memset)
/usr/share/MRS2/MRS-linux-x64/resources/app/resources/linux/components/WCH/Toolchain/RISC-V Embedded GCC/bin/../lib/gcc/riscv-none-embed/8.2.0/../../../../riscv-none-embed/lib/rv32imacxw/ilp32/libg_nano.a(lib_a-printf.o)
                              ./User/USB_Host/app_km.o (printf)
/usr/share/MRS2/MRS-linux-x64/resources/app/resources/linux/components/WCH/Toolchain/RISC-V Embedded GCC/bin/../lib/gcc/riscv-none-embed/8.2.0/../../../../riscv-none-embed/lib/rv32imacxw/ilp32/libg_nano.a(lib_a-puts.o)
                              ./User/USB_Host/app_km.o (puts)
/usr/share/MRS2/MRS-linux-x64/resources/app/resources/linux/components/WCH/Toolchain/RISC-V Embedded GCC/bin/../lib/gcc/riscv-none-embed/8.2.0/../../../../riscv-none-embed/lib/rv32imacxw/ilp32/libg_nano.a(lib_a-wbuf.o)
                              /usr/share/MRS2/MRS-linux-x64/resources/app/resources/linux/components/WCH/Toolchain/RISC-V Embedded GCC/bin/../lib/gcc/riscv-none-embed/8.2.0/../../../../riscv-none-embed/lib/rv32imacxw/ilp32/libg_nano.a(lib_a-puts.o) (__swbuf_r)
/usr/share/MRS2/MRS-linux-x64/resources/app/resources/linux/components/WCH/Toolchain/RISC-V Embedded GCC/bin/../lib/gcc/riscv-none-embed/8.2.0/../../../../riscv-none-embed/lib/rv32imacxw/ilp32/libg_nano.a(lib_a-wsetup.o)
                              /usr/share/MRS2/MRS-linux-x64/resources/app/resources/linux/components/WCH/Toolchain/RISC-V Embedded GCC/bin/../lib/gcc/riscv-none-embed/8.2.0/../../../../riscv-none-embed/lib/rv32imacxw/ilp32/libg_nano.a(lib_a-puts.o) (__swsetup_r)
/usr/share/MRS2/MRS-linux-x64/resources/app/resources/linux/components/WCH/Toolchain/RISC-V Embedded GCC/bin/../lib/gcc/riscv-none-embed/8.2.0/../../../../riscv-none-embed/lib/rv32imacxw/ilp32/libg_nano.a(lib_a-fflush.o)
                              /usr/share/MRS2/MRS-linux-x64/resources/app/resources/linux/components/WCH/Toolchain/RISC-V Embedded GCC/bin/../lib/gcc/riscv-none-embed/8.2.0/../../../../riscv-none-embed/lib/rv32imacxw/ilp32/libg_nano.a(lib_a-wbuf.o) (_fflush_r)
/usr/share/MRS2/MRS-linux-x64/resources/app/resources/linux/components/WCH/Toolchain/RISC-V Embedded GCC/bin/../lib/gcc/riscv-none-embed/8.2.0/../../../../riscv-none-embed/lib/rv32imacxw/ilp32/libg_nano.a(lib_a-findfp.o)
                              /usr/share/MRS2/MRS-linux-x64/resources/app/resources/linux/components/WCH/Toolchain/RISC-V Embedded GCC/bin/../lib/gcc/riscv-none-embed/8.2.0/../../../../riscv-none-embed/lib/rv32imacxw/ilp32/libg_nano.a(lib_a-printf.o) (__sinit)
/usr/share/MRS2/MRS-linux-x64/resources/app/resources/linux/components/WCH/Toolchain/RISC-V Embedded GCC/bin/../lib/gcc/riscv-none-embed/8.2.0/../../../../riscv-none-embed/lib/rv32imacxw/ilp32/libg_nano.a(lib_a-fwalk.o)
                              /usr/share/MRS2/MRS-linux-x64/resources/app/resources/linux/components/WCH/Toolchain/RISC-V Embedded GCC/bin/../lib/gcc/riscv-none-embed/8.2.0/../../../../riscv-none-embed/lib/rv32imacxw/ilp32/libg_nano.a(lib_a-findfp.o) (_fwalk)
/usr/share/MRS2/MRS-linux-x64/resources/app/resources/linux/components/WCH/Toolchain/RISC-V Embedded GCC/bin/../lib/gcc/riscv-none-embed/8.2.0/../../../../riscv-none-embed/lib/rv32imacxw/ilp32/libg_nano.a(lib_a-impure.o)
                              /usr/share/MRS2/MRS-linux-x64/resources/app/resources/linux/components/WCH/Toolchain/RISC-V Embedded GCC/bin/../lib/gcc/riscv-none-embed/8.2.0/../../../../riscv-none-embed/lib/rv32imacxw/ilp32/libg_nano.a(lib_a-fflush.o) (_global_impure_ptr)
/usr/share/MRS2/MRS-linux-x64/resources/app/resources/linux/components/WCH/Toolchain/RISC-V Embedded GCC/bin/../lib/gcc/riscv-none-embed/8.2.0/../../../../riscv-none-embed/lib/rv32imacxw/ilp32/libg_nano.a(lib_a-makebuf.o)
[...]
Memory Configuration

Name             Origin             Length             Attributes
FLASH            0x0000000000000000 0x0000000000010000 xr
RAM              0x0000000020000000 0x0000000000005000 xrw
*default*        0x0000000000000000 0xffffffffffffffff

Linker script and memory map

LOAD ./User/USB_Host/app_km.o
LOAD ./User/USB_Host/ch32v20x_usbfs_host.o
LOAD ./User/USB_Host/usb_gamepad.o
LOAD ./User/USB_Host/usb_hid_reportparser.o
LOAD ./User/USB_Host/usb_host_hid.o
LOAD ./User/USB_Host/usb_host_hub.o
LOAD ./User/USB_Host/usb_keyboard.o
LOAD ./User/USB_Host/usb_mouse.o
LOAD ./User/ch32v20x_it.o
LOAD ./User/gamepad.o
LOAD ./User/gpio.o
LOAD ./User/keyboard.o
LOAD ./User/main.o
LOAD ./User/mouse.o
LOAD ./User/system_ch32v20x.o
LOAD ./User/tim.o
LOAD ./User/utils.o
LOAD ./Startup/startup_ch32v20x_D6.o
LOAD ./Peripheral/src/ch32v20x_adc.o
LOAD ./Peripheral/src/ch32v20x_bkp.o
LOAD ./Peripheral/src/ch32v20x_can.o
LOAD ./Peripheral/src/ch32v20x_crc.o
LOAD ./Peripheral/src/ch32v20x_dbgmcu.o
LOAD ./Peripheral/src/ch32v20x_dma.o
LOAD ./Peripheral/src/ch32v20x_exti.o
LOAD ./Peripheral/src/ch32v20x_flash.o
LOAD ./Peripheral/src/ch32v20x_gpio.o
LOAD ./Peripheral/src/ch32v20x_i2c.o
LOAD ./Peripheral/src/ch32v20x_iwdg.o
LOAD ./Peripheral/src/ch32v20x_misc.o
LOAD ./Peripheral/src/ch32v20x_opa.o
LOAD ./Peripheral/src/ch32v20x_pwr.o
LOAD ./Peripheral/src/ch32v20x_rcc.o
LOAD ./Peripheral/src/ch32v20x_rtc.o
LOAD ./Peripheral/src/ch32v20x_spi.o
LOAD ./Peripheral/src/ch32v20x_tim.o
LOAD ./Peripheral/src/ch32v20x_usart.o
LOAD ./Peripheral/src/ch32v20x_wwdg.o
LOAD ./Debug/debug.o
LOAD ./Core/core_riscv.o
LOAD /usr/share/MRS2/MRS-linux-x64/resources/app/resources/linux/components/WCH/Toolchain/RISC-V Embedded GCC/bin/../lib/gcc/riscv-none-embed/8.2.0/rv32imacxw/ilp32/libgcc.a
LOAD /usr/share/MRS2/MRS-linux-x64/resources/app/resources/linux/components/WCH/Toolchain/RISC-V Embedded GCC/bin/../lib/gcc/riscv-none-embed/8.2.0/../../../../riscv-none-embed/lib/rv32imacxw/ilp32/libg_nano.a
LOAD /usr/share/MRS2/MRS-linux-x64/resources/app/resources/linux/components/WCH/Toolchain/RISC-V Embedded GCC/bin/../lib/gcc/riscv-none-embed/8.2.0/../../../../riscv-none-embed/lib/rv32imacxw/ilp32/libc_nano.a
LOAD /usr/share/MRS2/MRS-linux-x64/resources/app/resources/linux/components/WCH/Toolchain/RISC-V Embedded GCC/bin/../lib/gcc/riscv-none-embed/8.2.0/rv32imacxw/ilp32/libgcc.a
START GROUP
LOAD /usr/share/MRS2/MRS-linux-x64/resources/app/resources/linux/components/WCH/Toolchain/RISC-V Embedded GCC/bin/../lib/gcc/riscv-none-embed/8.2.0/rv32imacxw/ilp32/libgcc.a
LOAD /usr/share/MRS2/MRS-linux-x64/resources/app/resources/linux/components/WCH/Toolchain/RISC-V Embedded GCC/bin/../lib/gcc/riscv-none-embed/8.2.0/../../../../riscv-none-embed/lib/rv32imacxw/ilp32/libc_nano.a
LOAD /usr/share/MRS2/MRS-linux-x64/resources/app/resources/linux/components/WCH/Toolchain/RISC-V Embedded GCC/bin/../lib/gcc/riscv-none-embed/8.2.0/../../../../riscv-none-embed/lib/rv32imacxw/ilp32/libnosys.a
END GROUP
START GROUP
LOAD /usr/share/MRS2/MRS-linux-x64/resources/app/resources/linux/components/WCH/Toolchain/RISC-V Embedded GCC/bin/../lib/gcc/riscv-none-embed/8.2.0/rv32imacxw/ilp32/libgcc.a
LOAD /usr/share/MRS2/MRS-linux-x64/resources/app/resources/linux/components/WCH/Toolchain/RISC-V Embedded GCC/bin/../lib/gcc/riscv-none-embed/8.2.0/../../../../riscv-none-embed/lib/rv32imacxw/ilp32/libc_nano.a
LOAD /usr/share/MRS2/MRS-linux-x64/resources/app/resources/linux/components/WCH/Toolchain/RISC-V Embedded GCC/bin/../lib/gcc/riscv-none-embed/8.2.0/../../../../riscv-none-embed/lib/rv32imacxw/ilp32/libnosys.a
END GROUP
                0x0000000000000800                __stack_size = 0x800
                [!provide]                        PROVIDE (_stack_size = __stack_size)

.init           0x0000000000000000       0x38
                0x0000000000000000                _sinit = .
                0x0000000000000000                . = ALIGN (0x4)
 *(SORT_NONE(.init))
 .init          0x0000000000000000       0x38 ./Startup/startup_ch32v20x_D6.o
                0x0000000000000000                _start
                0x0000000000000038                . = ALIGN (0x4)
                0x0000000000000038                _einit = .

.vector         0x0000000000000038      0x108
 *(.vector)
 .vector        0x0000000000000038       0xfc ./Startup/startup_ch32v20x_D6.o
                0x0000000000000140                . = ALIGN (0x40)
 *fill*         0x0000000000000134        0xc 

.text           0x0000000000000140     0x5e34
                0x0000000000000140                . = ALIGN (0x4)
 *(.text)
 .text          0x0000000000000140       0x60 /usr/share/MRS2/MRS-linux-x64/resources/app/resources/linux/components/WCH/Toolchain/RISC-V Embedded GCC/bin/../lib/gcc/riscv-none-embed/8.2.0/rv32imacxw/ilp32/libgcc.a(save-restore.o)
                0x0000000000000140                __riscv_save_12
                0x0000000000000148                __riscv_save_8
                0x0000000000000148                __riscv_save_11
                0x0000000000000148                __riscv_save_9
                0x0000000000000148                __riscv_save_10
                0x0000000000000156                __riscv_save_7
                0x0000000000000156                __riscv_save_4
                0x0000000000000156                __riscv_save_6
                0x0000000000000156                __riscv_save_5
                0x0000000000000170                __riscv_save_1
                0x0000000000000170                __riscv_save_3
                0x0000000000000170                __riscv_save_2
                0x0000000000000170                __riscv_save_0
                0x000000000000017c                __riscv_restore_12
                0x0000000000000180                __riscv_restore_10
                0x0000000000000180                __riscv_restore_11
                0x0000000000000180                __riscv_restore_8
                0x0000000000000180                __riscv_restore_9
                0x000000000000018a                __riscv_restore_5
                0x000000000000018a                __riscv_restore_6
                0x000000000000018a                __riscv_restore_4
                0x000000000000018a                __riscv_restore_7
                0x0000000000000194                __riscv_restore_3
                0x0000000000000194                __riscv_restore_2
                0x0000000000000194                __riscv_restore_0
                0x0000000000000194                __riscv_restore_1
 .text          0x00000000000001a0       0xa8 /usr/share/MRS2/MRS-linux-x64/resources/app/resources/linux/components/WCH/Toolchain/RISC-V Embedded GCC/bin/../lib/gcc/riscv-none-embed/8.2.0/../../../../riscv-none-embed/lib/rv32imacxw/ilp32/libg_nano.a(lib_a-memset.o)
                0x00000000000001a0                memset
 *(.text.*)
 .text.TIM3_Init
                0x0000000000000248       0x70 ./User/USB_Host/app_km.o
                0x0000000000000248                TIM3_Init
 .text.TIM3_IRQHandler
                0x00000000000002b8      0x116 ./User/USB_Host/app_km.o
                0x00000000000002b8                TIM3_IRQHandler
 .text.USBH_AnalyseType
                0x00000000000003ce       0x42 ./User/USB_Host/app_km.o
                0x00000000000003ce                USBH_AnalyseType
 .text.USBH_EnumRootDevice
                0x0000000000000410      0x1f0 ./User/USB_Host/app_km.o
                0x0000000000000410                USBH_EnumRootDevice
 .text.KM_AnalyzeConfigDesc
                0x0000000000000600      0x1f6 ./User/USB_Host/app_km.o
                0x0000000000000600                KM_AnalyzeConfigDesc
 .text.KM_AnalyzeHidReportDesc
                0x00000000000007f6      0x196 ./User/USB_Host/app_km.o
                0x00000000000007f6                KM_AnalyzeHidReportDesc
 .text.KM_DealHidReportDesc
                0x000000000000098c      0x104 ./User/USB_Host/app_km.o
                0x000000000000098c                KM_DealHidReportDesc
 .text.HUB_AnalyzeConfigDesc
                0x0000000000000a90       0xb0 ./User/USB_Host/app_km.o
                0x0000000000000a90                HUB_AnalyzeConfigDesc
 .text.USBH_EnumHubDevice
                0x0000000000000b40      0x2b0 ./User/USB_Host/app_km.o
                0x0000000000000b40                USBH_EnumHubDevice
 .text.HUB_Port_PreEnum1
                0x0000000000000df0       0xbe ./User/USB_Host/app_km.o
                0x0000000000000df0                HUB_Port_PreEnum1
 .text.HUB_Port_PreEnum2
                0x0000000000000eae       0xe4 ./User/USB_Host/app_km.o
                0x0000000000000eae                HUB_Port_PreEnum2
 .text.HUB_CheckPortSpeed
                0x0000000000000f92       0x2e ./User/USB_Host/app_km.o
                0x0000000000000f92                HUB_CheckPortSpeed
 .text.USBH_EnumHubPortDevice
                0x0000000000000fc0      0x1ae ./User/USB_Host/app_km.o
                0x0000000000000fc0                USBH_EnumHubPortDevice
 .text.KB_AnalyzeKeyValue
                0x000000000000116e       0xa2 ./User/USB_Host/app_km.o
                0x000000000000116e                KB_AnalyzeKeyValue
 .text.KB_SetReport
                0x0000000000001210       0x9c ./User/USB_Host/app_km.o
                0x0000000000001210                KB_SetReport
 .text.USBH_EnumHidDevice
                0x00000000000012ac      0x224 ./User/USB_Host/app_km.o
                0x00000000000012ac                USBH_EnumHidDevice
 .text.USBH_MainDeal
                0x00000000000014d0      0x792 ./User/USB_Host/app_km.o
                0x00000000000014d0                USBH_MainDeal
 .text.USBFSH_SetSelfSpeed.part.0
                0x0000000000001c62       0x26 ./User/USB_Host/ch32v20x_usbfs_host.o
 .text.USBFS_RCC_Init
                0x0000000000001c88       0x46 ./User/USB_Host/ch32v20x_usbfs_host.o
                0x0000000000001c88                USBFS_RCC_Init
 .text.USBFS_Host_Init
                0x0000000000001cce       0x50 ./User/USB_Host/ch32v20x_usbfs_host.o
                0x0000000000001cce                USBFS_Host_Init
 .text.USBFSH_CheckRootHubPortStatus
                0x0000000000001d1e       0x2e ./User/USB_Host/ch32v20x_usbfs_host.o
                0x0000000000001d1e                USBFSH_CheckRootHubPortStatus
 .text.USBFSH_CheckRootHubPortSpeed
                0x0000000000001d4c       0x10 ./User/USB_Host/ch32v20x_usbfs_host.o
                0x0000000000001d4c                USBFSH_CheckRootHubPortSpeed
 .text.USBFSH_SetSelfAddr
                0x0000000000001d5c       0x14 ./User/USB_Host/ch32v20x_usbfs_host.o
                0x0000000000001d5c                USBFSH_SetSelfAddr
 .text.USBFSH_SetSelfSpeed
                0x0000000000001d70       0x2e ./User/USB_Host/ch32v20x_usbfs_host.o
                0x0000000000001d70                USBFSH_SetSelfSpeed
 .text.USBFSH_ResetRootHubPort
                0x0000000000001d9e       0x50 ./User/USB_Host/ch32v20x_usbfs_host.o
                0x0000000000001d9e                USBFSH_ResetRootHubPort
 .text.USBFSH_EnableRootHubPort
                0x0000000000001dee       0x3c ./User/USB_Host/ch32v20x_usbfs_host.o
                0x0000000000001dee                USBFSH_EnableRootHubPort
 .text.USBFSH_Transact
                0x0000000000001e2a       0xf4 ./User/USB_Host/ch32v20x_usbfs_host.o
                0x0000000000001e2a                USBFSH_Transact
 .text.USBFSH_CtrlTransfer
                0x0000000000001f1e      0x19e ./User/USB_Host/ch32v20x_usbfs_host.o
                0x0000000000001f1e                USBFSH_CtrlTransfer
 .text.USBFSH_GetDeviceDescr
                0x00000000000020bc       0x42 ./User/USB_Host/ch32v20x_usbfs_host.o
                0x00000000000020bc                USBFSH_GetDeviceDescr
 .text.USBFSH_GetConfigDescr
                0x00000000000020fe       0x6c ./User/USB_Host/ch32v20x_usbfs_host.o
                0x00000000000020fe                USBFSH_GetConfigDescr
 .text.USBFSH_GetStrDescr
                0x000000000000216a       0x5a ./User/USB_Host/ch32v20x_usbfs_host.o
                0x000000000000216a                USBFSH_GetStrDescr
 .text.USBFSH_SetUsbAddress
                0x00000000000021c4       0x38 ./User/USB_Host/ch32v20x_usbfs_host.o
                0x00000000000021c4                USBFSH_SetUsbAddress
 .text.USBFSH_SetUsbConfig
                0x00000000000021fc       0x26 ./User/USB_Host/ch32v20x_usbfs_host.o
                0x00000000000021fc                USBFSH_SetUsbConfig
 .text.USBFSH_ClearEndpStall
                0x0000000000002222       0x26 ./User/USB_Host/ch32v20x_usbfs_host.o
                0x0000000000002222                USBFSH_ClearEndpStall
 .text.USBFSH_GetEndpData
                0x0000000000002248       0x48 ./User/USB_Host/ch32v20x_usbfs_host.o
                0x0000000000002248                USBFSH_GetEndpData
 .text.USBFSH_SendEndpData
                0x0000000000002290       0x40 ./User/USB_Host/ch32v20x_usbfs_host.o
                0x0000000000002290                USBFSH_SendEndpData
 .text.GamepadDecode
                0x00000000000022d0      0x1cc ./User/USB_Host/usb_gamepad.o
                0x00000000000022d0                GamepadDecode
 .text.GetGamepadInfo
                0x000000000000249c       0x14 ./User/USB_Host/usb_gamepad.o
                0x000000000000249c                GetGamepadInfo
 .text.report_is_usable
                0x00000000000024b0       0x2c ./User/USB_Host/usb_hid_reportparser.o
                0x00000000000024b0                report_is_usable
 .text.parse_report_descriptor
                0x00000000000024dc      0x3ac ./User/USB_Host/usb_hid_reportparser.o
                0x00000000000024dc                parse_report_descriptor
 .text.HID_GetHidDesr
                0x0000000000002888       0x2e ./User/USB_Host/usb_host_hid.o
                0x0000000000002888                HID_GetHidDesr
 .text.HID_SetReport
                0x00000000000028b6       0x2a ./User/USB_Host/usb_host_hid.o
                0x00000000000028b6                HID_SetReport
 .text.HID_SetIdle
                0x00000000000028e0       0x30 ./User/USB_Host/usb_host_hid.o
                0x00000000000028e0                HID_SetIdle
 .text.HUB_GetPortStatus
                0x0000000000002910       0x30 ./User/USB_Host/usb_host_hub.o
                0x0000000000002910                HUB_GetPortStatus
 .text.HUB_ClearPortFeature
                0x0000000000002940       0x2a ./User/USB_Host/usb_host_hub.o
                0x0000000000002940                HUB_ClearPortFeature
 .text.HUB_SetPortFeature
                0x000000000000296a       0x2a ./User/USB_Host/usb_host_hub.o
                0x000000000000296a                HUB_SetPortFeature
 .text.HUB_GetClassDevDescr
                0x0000000000002994       0x3c ./User/USB_Host/usb_host_hub.o
                0x0000000000002994                HUB_GetClassDevDescr
 .text.HID_ReadItem
                0x00000000000029d0       0x8e ./User/USB_Host/usb_keyboard.o
                0x00000000000029d0                HID_ReadItem
 .text.USBH_HID_GetKeybdInfo
                0x0000000000002a5e       0xcc ./User/USB_Host/usb_keyboard.o
                0x0000000000002a5e                USBH_HID_GetKeybdInfo
 .text.USBH_MouseDecode
                0x0000000000002b2a      0x158 ./User/USB_Host/usb_mouse.o
                0x0000000000002b2a                USBH_MouseDecode
 .text.USBH_GetMouseInfo
                0x0000000000002c82       0x18 ./User/USB_Host/usb_mouse.o
                0x0000000000002c82                USBH_GetMouseInfo
 .text.NMI_Handler
                0x0000000000002c9a        0x4 ./User/ch32v20x_it.o
                0x0000000000002c9a                NMI_Handler
 .text.HardFault_Handler
                0x0000000000002c9e        0x2 ./User/ch32v20x_it.o
                0x0000000000002c9e                HardFault_Handler
 .text.EXTI3_IRQHandler
                0x0000000000002ca0       0x16 ./User/ch32v20x_it.o
                0x0000000000002ca0                EXTI3_IRQHandler
 .text.ProcessGamepad
                0x0000000000002cb6       0x8e ./User/gamepad.o
                0x0000000000002cb6                ProcessGamepad
 .text.GPIO_Config
                0x0000000000002d44      0x124 ./User/gpio.o
                0x0000000000002d44                GPIO_Config
 .text.scancode_to_amiga
                0x0000000000002e68       0x28 ./User/keyboard.o
 .text.amikb_send
                0x0000000000002e90      0x17e ./User/keyboard.o
 .text.amikb_reset
                0x000000000000300e       0x46 ./User/keyboard.o
                0x000000000000300e                amikb_reset
 .text.amikb_process
                0x0000000000003054      0x1cc ./User/keyboard.o
                0x0000000000003054                amikb_process
 .text.startup.main
                0x0000000000003220      0x1c8 ./User/main.o
                0x0000000000003220                main
 .text.InitMouse
                0x00000000000033e8       0x14 ./User/mouse.o
                0x00000000000033e8                InitMouse
 .text.processMouseMovement
                0x00000000000033fc       0xea ./User/mouse.o
                0x00000000000033fc                processMouseMovement
 .text.ProcessMouse
                0x00000000000034e6      0x1ac ./User/mouse.o
                0x00000000000034e6                ProcessMouse
 .text.ProcessX_IRQ
                0x0000000000003692      0x112 ./User/mouse.o
                0x0000000000003692                ProcessX_IRQ
 .text.ProcessY_IRQ
                0x00000000000037a4      0x116 ./User/mouse.o
                0x00000000000037a4                ProcessY_IRQ
 .text.ProcessScrollIRQ
                0x00000000000038ba      0x178 ./User/mouse.o
                0x00000000000038ba                ProcessScrollIRQ
 .text.SystemInit
                0x0000000000003a32       0xa8 ./User/system_ch32v20x.o
                0x0000000000003a32                SystemInit
 .text.TIM2_Init
                0x0000000000003ada       0x66 ./User/tim.o
                0x0000000000003ada                TIM2_Init
 .text.TIM4_Init
                0x0000000000003b40       0x66 ./User/tim.o
                0x0000000000003b40                TIM4_Init
 .text.TIM2_IRQHandler
                0x0000000000003ba6       0x1a ./User/tim.o
                0x0000000000003ba6                TIM2_IRQHandler
 .text.TIM4_IRQHandler
                0x0000000000003bc0       0x26 ./User/tim.o
                0x0000000000003bc0                TIM4_IRQHandler
 .text.FifoInit
                0x0000000000003be6       0x16 ./User/utils.o
                0x0000000000003be6                FifoInit
 .text.FifoRead
                0x0000000000003bfc       0x52 ./User/utils.o
                0x0000000000003bfc                FifoRead
 .text.FifoWrite
                0x0000000000003c4e       0x60 ./User/utils.o
                0x0000000000003c4e                FifoWrite
 .text.collect_bits
                0x0000000000003cae       0xca ./User/utils.o
                0x0000000000003cae                collect_bits
 .text.vector_handler
                0x0000000000003d78       0x6c ./Startup/startup_ch32v20x_D6.o
                0x0000000000003d7c                Ecall_M_Mode_Handler
                0x0000000000003d7e                Ecall_U_Mode_Handler
                0x0000000000003d80                Break_Point_Handler
                0x0000000000003d82                SysTick_Handler
                0x0000000000003d84                SW_Handler
                0x0000000000003d86                WWDG_IRQHandler
                0x0000000000003d88                PVD_IRQHandler
                0x0000000000003d8a                TAMPER_IRQHandler
                0x0000000000003d8c                RTC_IRQHandler
                0x0000000000003d8e                FLASH_IRQHandler
                0x0000000000003d90                RCC_IRQHandler
                0x0000000000003d92                EXTI0_IRQHandler
                0x0000000000003d94                EXTI1_IRQHandler
                0x0000000000003d96                EXTI2_IRQHandler
                0x0000000000003d9a                EXTI4_IRQHandler
                0x0000000000003d9c                DMA1_Channel1_IRQHandler
                0x0000000000003d9e                DMA1_Channel2_IRQHandler
                0x0000000000003da0                DMA1_Channel3_IRQHandler
                0x0000000000003da2                DMA1_Channel4_IRQHandler
                0x0000000000003da4                DMA1_Channel5_IRQHandler
                0x0000000000003da6                DMA1_Channel6_IRQHandler
                0x0000000000003da8                DMA1_Channel7_IRQHandler
                0x0000000000003daa                ADC1_2_IRQHandler
                0x0000000000003dac                USB_HP_CAN1_TX_IRQHandler
                0x0000000000003dae                USB_LP_CAN1_RX0_IRQHandler
                0x0000000000003db0                CAN1_RX1_IRQHandler
                0x0000000000003db2                CAN1_SCE_IRQHandler
                0x0000000000003db4                EXTI9_5_IRQHandler
                0x0000000000003db6                TIM1_BRK_IRQHandler
                0x0000000000003db8                TIM1_UP_IRQHandler
                0x0000000000003dba                TIM1_TRG_COM_IRQHandler
                0x0000000000003dbc                TIM1_CC_IRQHandler
                0x0000000000003dc4                I2C1_EV_IRQHandler
                0x0000000000003dc6                I2C1_ER_IRQHandler
                0x0000000000003dc8                I2C2_EV_IRQHandler
                0x0000000000003dca                I2C2_ER_IRQHandler
                0x0000000000003dcc                SPI1_IRQHandler
                0x0000000000003dce                SPI2_IRQHandler
                0x0000000000003dd0                USART1_IRQHandler
                0x0000000000003dd2                USART2_IRQHandler
                0x0000000000003dd4                USART3_IRQHandler
                0x0000000000003dd6                EXTI15_10_IRQHandler
                0x0000000000003dd8                RTCAlarm_IRQHandler
                0x0000000000003dda                USBWakeUp_IRQHandler
                0x0000000000003ddc                USBHD_IRQHandler
                0x0000000000003dde                USBHDWakeUp_IRQHandler
                0x0000000000003de0                UART4_IRQHandler
                0x0000000000003de2                DMA1_Channel8_IRQHandler
 .text.handle_reset
                0x0000000000003de4       0x8a ./Startup/startup_ch32v20x_D6.o
                0x0000000000003de4                handle_reset
 .text.EXTI_Init
                0x0000000000003e6e       0x6a ./Peripheral/src/ch32v20x_exti.o
                0x0000000000003e6e                EXTI_Init
 .text.EXTI_GetITStatus
                0x0000000000003ed8       0x1e ./Peripheral/src/ch32v20x_exti.o
                0x0000000000003ed8                EXTI_GetITStatus
 .text.EXTI_ClearITPendingBit
                0x0000000000003ef6        0xa ./Peripheral/src/ch32v20x_exti.o
                0x0000000000003ef6                EXTI_ClearITPendingBit
 .text.GPIO_Init
                0x0000000000003f00       0xf2 ./Peripheral/src/ch32v20x_gpio.o
                0x0000000000003f00                GPIO_Init
 .text.GPIO_ReadInputDataBit
                0x0000000000003ff2       0x1a ./Peripheral/src/ch32v20x_gpio.o
                0x0000000000003ff2                GPIO_ReadInputDataBit
 .text.GPIO_ReadOutputData
                0x000000000000400c       0x1c ./Peripheral/src/ch32v20x_gpio.o
                0x000000000000400c                GPIO_ReadOutputData
 .text.GPIO_WriteBit
                0x0000000000004028       0x1a ./Peripheral/src/ch32v20x_gpio.o
                0x0000000000004028                GPIO_WriteBit
 .text.GPIO_Write
                0x0000000000004042       0x14 ./Peripheral/src/ch32v20x_gpio.o
                0x0000000000004042                GPIO_Write
 .text.GPIO_EXTILineConfig
                0x0000000000004056       0x2c ./Peripheral/src/ch32v20x_gpio.o
                0x0000000000004056                GPIO_EXTILineConfig
 .text.NVIC_Init
                0x0000000000004082       0xa6 ./Peripheral/src/ch32v20x_misc.o
                0x0000000000004082                NVIC_Init
 .text.RCC_USBCLKConfig
                0x0000000000004128       0x1a ./Peripheral/src/ch32v20x_rcc.o
                0x0000000000004128                RCC_USBCLKConfig
 .text.RCC_GetClocksFreq
                0x0000000000004142       0xbe ./Peripheral/src/ch32v20x_rcc.o
                0x0000000000004142                RCC_GetClocksFreq
 .text.RCC_AHBPeriphClockCmd
                0x0000000000004200       0x1e ./Peripheral/src/ch32v20x_rcc.o
                0x0000000000004200                RCC_AHBPeriphClockCmd
 .text.RCC_APB2PeriphClockCmd
                0x000000000000421e       0x1e ./Peripheral/src/ch32v20x_rcc.o
                0x000000000000421e                RCC_APB2PeriphClockCmd
 .text.RCC_APB1PeriphClockCmd
                0x000000000000423c       0x1e ./Peripheral/src/ch32v20x_rcc.o
                0x000000000000423c                RCC_APB1PeriphClockCmd
 .text.TIM_TimeBaseInit
                0x000000000000425a       0x6a ./Peripheral/src/ch32v20x_tim.o
                0x000000000000425a                TIM_TimeBaseInit
 .text.TIM_Cmd  0x00000000000042c4       0x18 ./Peripheral/src/ch32v20x_tim.o
                0x00000000000042c4                TIM_Cmd
 .text.TIM_ITConfig
                0x00000000000042dc       0x12 ./Peripheral/src/ch32v20x_tim.o
                0x00000000000042dc                TIM_ITConfig
 .text.TIM_GetITStatus
                0x00000000000042ee       0x18 ./Peripheral/src/ch32v20x_tim.o
                0x00000000000042ee                TIM_GetITStatus
 .text.TIM_ClearITPendingBit
                0x0000000000004306        0xc ./Peripheral/src/ch32v20x_tim.o
                0x0000000000004306                TIM_ClearITPendingBit
 .text.USART_Init
                0x0000000000004312       0xbc ./Peripheral/src/ch32v20x_usart.o
                0x0000000000004312                USART_Init
 .text.USART_Cmd
                0x00000000000043ce       0x16 ./Peripheral/src/ch32v20x_usart.o
                0x00000000000043ce                USART_Cmd
 .text.USART_SendData
                0x00000000000043e4        0x8 ./Peripheral/src/ch32v20x_usart.o
                0x00000000000043e4                USART_SendData
 .text.USART_GetFlagStatus
                0x00000000000043ec        0xa ./Peripheral/src/ch32v20x_usart.o
                0x00000000000043ec                USART_GetFlagStatus
 .text.Delay_Init
                0x00000000000043f6       0x2a ./Debug/debug.o
                0x00000000000043f6                Delay_Init
 .text.Delay_Us
                0x0000000000004420       0x36 ./Debug/debug.o
                0x0000000000004420                Delay_Us
 .text.Delay_Ms
                0x0000000000004456       0x36 ./Debug/debug.o
                0x0000000000004456                Delay_Ms
 .text.USART_Printf_Init
                0x000000000000448c       0x5a ./Debug/debug.o
                0x000000000000448c                USART_Printf_Init
 .text._write   0x00000000000044e6       0x3e ./Debug/debug.o
                0x00000000000044e6                _write
 .text._sbrk    0x0000000000004524       0x2a ./Debug/debug.o
                0x0000000000004524                _sbrk
 .text.memchr   0x000000000000454e       0x18 /usr/share/MRS2/MRS-linux-x64/resources/app/resources/linux/components/WCH/Toolchain/RISC-V Embedded GCC/bin/../lib/gcc/riscv-none-embed/8.2.0/../../../../riscv-none-embed/lib/rv32imacxw/ilp32/libg_nano.a(lib_a-memchr.o)
                0x000000000000454e                memchr
 .text.memcpy   0x0000000000004566       0xb2 /usr/share/MRS2/MRS-linux-x64/resources/app/resources/linux/components/WCH/Toolchain/RISC-V Embedded GCC/bin/../lib/gcc/riscv-none-embed/8.2.0/../../../../riscv-none-embed/lib/rv32imacxw/ilp32/libg_nano.a(lib_a-memcpy.o)
                0x0000000000004566                memcpy
 .text.printf   0x0000000000004618       0x40 /usr/share/MRS2/MRS-linux-x64/resources/app/resources/linux/components/WCH/Toolchain/RISC-V Embedded GCC/bin/../lib/gcc/riscv-none-embed/8.2.0/../../../../riscv-none-embed/lib/rv32imacxw/ilp32/libg_nano.a(lib_a-printf.o)
                0x0000000000004618                printf
                0x0000000000004618                iprintf
 .text._puts_r  0x0000000000004658       0xd4 /usr/share/MRS2/MRS-linux-x64/resources/app/resources/linux/components/WCH/Toolchain/RISC-V Embedded GCC/bin/../lib/gcc/riscv-none-embed/8.2.0/../../../../riscv-none-embed/lib/rv32imacxw/ilp32/libg_nano.a(lib_a-puts.o)
                0x0000000000004658                _puts_r
 .text.puts     0x000000000000472c        0xc /usr/share/MRS2/MRS-linux-x64/resources/app/resources/linux/components/WCH/Toolchain/RISC-V Embedded GCC/bin/../lib/gcc/riscv-none-embed/8.2.0/../../../../riscv-none-embed/lib/rv32imacxw/ilp32/libg_nano.a(lib_a-puts.o)
                0x000000000000472c                puts
 .text.__swbuf_r
                0x0000000000004738       0xbc /usr/share/MRS2/MRS-linux-x64/resources/app/resources/linux/components/WCH/Toolchain/RISC-V Embedded GCC/bin/../lib/gcc/riscv-none-embed/8.2.0/../../../../riscv-none-embed/lib/rv32imacxw/ilp32/libg_nano.a(lib_a-wbuf.o)
                0x0000000000004738                __swbuf_r
 .text.__swsetup_r
                0x00000000000047f4       0xfc /usr/share/MRS2/MRS-linux-x64/resources/app/resources/linux/components/WCH/Toolchain/RISC-V Embedded GCC/bin/../lib/gcc/riscv-none-embed/8.2.0/../../../../riscv-none-embed/lib/rv32imacxw/ilp32/libg_nano.a(lib_a-wsetup.o)
                0x00000000000047f4                __swsetup_r
 .text.__sflush_r
                0x00000000000048f0      0x130 /usr/share/MRS2/MRS-linux-x64/resources/app/resources/linux/components/WCH/Toolchain/RISC-V Embedded GCC/bin/../lib/gcc/riscv-none-embed/8.2.0/../../../../riscv-none-embed/lib/rv32imacxw/ilp32/libg_nano.a(lib_a-fflush.o)
                0x00000000000048f0                __sflush_r
 .text._fflush_r
                0x0000000000004a20       0x66 /usr/share/MRS2/MRS-linux-x64/resources/app/resources/linux/components/WCH/Toolchain/RISC-V Embedded GCC/bin/../lib/gcc/riscv-none-embed/8.2.0/../../../../riscv-none-embed/lib/rv32imacxw/ilp32/libg_nano.a(lib_a-fflush.o)
                0x0000000000004a20                _fflush_r
 .text.std      0x0000000000004a86       0x66 /usr/share/MRS2/MRS-linux-x64/resources/app/resources/linux/components/WCH/Toolchain/RISC-V Embedded GCC/bin/../lib/gcc/riscv-none-embed/8.2.0/../../../../riscv-none-embed/lib/rv32imacxw/ilp32/libg_nano.a(lib_a-findfp.o)
 .text._cleanup_r
                0x0000000000004aec        0xa /usr/share/MRS2/MRS-linux-x64/resources/app/resources/linux/components/WCH/Toolchain/RISC-V Embedded GCC/bin/../lib/gcc/riscv-none-embed/8.2.0/../../../../riscv-none-embed/lib/rv32imacxw/ilp32/libg_nano.a(lib_a-findfp.o)
                0x0000000000004aec                _cleanup_r
 .text.__sfmoreglue
                0x0000000000004af6       0x46 /usr/share/MRS2/MRS-linux-x64/resources/app/resources/linux/components/WCH/Toolchain/RISC-V Embedded GCC/bin/../lib/gcc/riscv-none-embed/8.2.0/../../../../riscv-none-embed/lib/rv32imacxw/ilp32/libg_nano.a(lib_a-findfp.o)
                0x0000000000004af6                __sfmoreglue
 .text.__sinit  0x0000000000004b3c       0x6c /usr/share/MRS2/MRS-linux-x64/resources/app/resources/linux/components/WCH/Toolchain/RISC-V Embedded GCC/bin/../lib/gcc/riscv-none-embed/8.2.0/../../../../riscv-none-embed/lib/rv32imacxw/ilp32/libg_nano.a(lib_a-findfp.o)
                0x0000000000004b3c                __sinit
 .text.__sfp    0x0000000000004ba8       0xa0 /usr/share/MRS2/MRS-linux-x64/resources/app/resources/linux/components/WCH/Toolchain/RISC-V Embedded GCC/bin/../lib/gcc/riscv-none-embed/8.2.0/../../../../riscv-none-embed/lib/rv32imacxw/ilp32/libg_nano.a(lib_a-findfp.o)
                0x0000000000004ba8                __sfp
 .text._fwalk_reent
                0x0000000000004c48       0x6a /usr/share/MRS2/MRS-linux-x64/resources/app/resources/linux/components/WCH/Toolchain/RISC-V Embedded GCC/bin/../lib/gcc/riscv-none-embed/8.2.0/../../../../riscv-none-embed/lib/rv32imacxw/ilp32/libg_nano.a(lib_a-fwalk.o)
                0x0000000000004c48                _fwalk_reent
 .text.__swhatbuf_r
                0x0000000000004cb2       0x58 /usr/share/MRS2/MRS-linux-x64/resources/app/resources/linux/components/WCH/Toolchain/RISC-V Embedded GCC/bin/../lib/gcc/riscv-none-embed/8.2.0/../../../../riscv-none-embed/lib/rv32imacxw/ilp32/libg_nano.a(lib_a-makebuf.o)
                0x0000000000004cb2                __swhatbuf_r
 .text.__smakebuf_r
                0x0000000000004d0a       0x92 /usr/share/MRS2/MRS-linux-x64/resources/app/resources/linux/components/WCH/Toolchain/RISC-V Embedded GCC/bin/../lib/gcc/riscv-none-embed/8.2.0/../../../../riscv-none-embed/lib/rv32imacxw/ilp32/libg_nano.a(lib_a-makebuf.o)
                0x0000000000004d0a                __smakebuf_r
 .text._free_r  0x0000000000004d9c       0xa8 /usr/share/MRS2/MRS-linux-x64/resources/app/resources/linux/components/WCH/Toolchain/RISC-V Embedded GCC/bin/../lib/gcc/riscv-none-embed/8.2.0/../../../../riscv-none-embed/lib/rv32imacxw/ilp32/libg_nano.a(lib_a-nano-freer.o)
                0x0000000000004d9c                _free_r
 .text._malloc_r
                0x0000000000004e44       0xd4 /usr/share/MRS2/MRS-linux-x64/resources/app/resources/linux/components/WCH/Toolchain/RISC-V Embedded GCC/bin/../lib/gcc/riscv-none-embed/8.2.0/../../../../riscv-none-embed/lib/rv32imacxw/ilp32/libg_nano.a(lib_a-nano-mallocr.o)
                0x0000000000004e44                _malloc_r
 .text.__sfputc_r
                0x0000000000004f18       0x28 /usr/share/MRS2/MRS-linux-x64/resources/app/resources/linux/components/WCH/Toolchain/RISC-V Embedded GCC/bin/../lib/gcc/riscv-none-embed/8.2.0/../../../../riscv-none-embed/lib/rv32imacxw/ilp32/libg_nano.a(lib_a-nano-vfprintf.o)
 .text.__sfputs_r
                0x0000000000004f40       0x42 /usr/share/MRS2/MRS-linux-x64/resources/app/resources/linux/components/WCH/Toolchain/RISC-V Embedded GCC/bin/../lib/gcc/riscv-none-embed/8.2.0/../../../../riscv-none-embed/lib/rv32imacxw/ilp32/libg_nano.a(lib_a-nano-vfprintf.o)
                0x0000000000004f40                __sfputs_r
 .text._vfprintf_r
                0x0000000000004f82      0x28e /usr/share/MRS2/MRS-linux-x64/resources/app/resources/linux/components/WCH/Toolchain/RISC-V Embedded GCC/bin/../lib/gcc/riscv-none-embed/8.2.0/../../../../riscv-none-embed/lib/rv32imacxw/ilp32/libg_nano.a(lib_a-nano-vfprintf.o)
                0x0000000000004f82                _vfiprintf_r
                0x0000000000004f82                _vfprintf_r
 .text._printf_common
                0x0000000000005210      0x10c /usr/share/MRS2/MRS-linux-x64/resources/app/resources/linux/components/WCH/Toolchain/RISC-V Embedded GCC/bin/../lib/gcc/riscv-none-embed/8.2.0/../../../../riscv-none-embed/lib/rv32imacxw/ilp32/libg_nano.a(lib_a-nano-vfprintf_i.o)
                0x0000000000005210                _printf_common
 .text._printf_i
                0x000000000000531c      0x2a4 /usr/share/MRS2/MRS-linux-x64/resources/app/resources/linux/components/WCH/Toolchain/RISC-V Embedded GCC/bin/../lib/gcc/riscv-none-embed/8.2.0/../../../../riscv-none-embed/lib/rv32imacxw/ilp32/libg_nano.a(lib_a-nano-vfprintf_i.o)
                0x000000000000531c                _printf_i
 .text._sbrk_r  0x00000000000055c0       0x32 /usr/share/MRS2/MRS-linux-x64/resources/app/resources/linux/components/WCH/Toolchain/RISC-V Embedded GCC/bin/../lib/gcc/riscv-none-embed/8.2.0/../../../../riscv-none-embed/lib/rv32imacxw/ilp32/libg_nano.a(lib_a-sbrkr.o)
                0x00000000000055c0                _sbrk_r
 .text.__sread  0x00000000000055f2       0x2c /usr/share/MRS2/MRS-linux-x64/resources/app/resources/linux/components/WCH/Toolchain/RISC-V Embedded GCC/bin/../lib/gcc/riscv-none-embed/8.2.0/../../../../riscv-none-embed/lib/rv32imacxw/ilp32/libg_nano.a(lib_a-stdio.o)
                0x00000000000055f2                __sread
 .text.__swrite
                0x000000000000561e       0x48 /usr/share/MRS2/MRS-linux-x64/resources/app/resources/linux/components/WCH/Toolchain/RISC-V Embedded GCC/bin/../lib/gcc/riscv-none-embed/8.2.0/../../../../riscv-none-embed/lib/rv32imacxw/ilp32/libg_nano.a(lib_a-stdio.o)
                0x000000000000561e                __swrite
 .text.__sseek  0x0000000000005666       0x30 /usr/share/MRS2/MRS-linux-x64/resources/app/resources/linux/components/WCH/Toolchain/RISC-V Embedded GCC/bin/../lib/gcc/riscv-none-embed/8.2.0/../../../../riscv-none-embed/lib/rv32imacxw/ilp32/libg_nano.a(lib_a-stdio.o)
                0x0000000000005666                __sseek
 .text.__sclose
                0x0000000000005696        0x6 /usr/share/MRS2/MRS-linux-x64/resources/app/resources/linux/components/WCH/Toolchain/RISC-V Embedded GCC/bin/../lib/gcc/riscv-none-embed/8.2.0/../../../../riscv-none-embed/lib/rv32imacxw/ilp32/libg_nano.a(lib_a-stdio.o)
                0x0000000000005696                __sclose
 .text._write_r
                0x000000000000569c       0x36 /usr/share/MRS2/MRS-linux-x64/resources/app/resources/linux/components/WCH/Toolchain/RISC-V Embedded GCC/bin/../lib/gcc/riscv-none-embed/8.2.0/../../../../riscv-none-embed/lib/rv32imacxw/ilp32/libg_nano.a(lib_a-writer.o)
                0x000000000000569c                _write_r
 .text._close_r
                0x00000000000056d2       0x30 /usr/share/MRS2/MRS-linux-x64/resources/app/resources/linux/components/WCH/Toolchain/RISC-V Embedded GCC/bin/../lib/gcc/riscv-none-embed/8.2.0/../../../../riscv-none-embed/lib/rv32imacxw/ilp32/libg_nano.a(lib_a-closer.o)
                0x00000000000056d2                _close_r
 .text._fstat_r
                0x0000000000005702       0x32 /usr/share/MRS2/MRS-linux-x64/resources/app/resources/linux/components/WCH/Toolchain/RISC-V Embedded GCC/bin/../lib/gcc/riscv-none-embed/8.2.0/../../../../riscv-none-embed/lib/rv32imacxw/ilp32/libg_nano.a(lib_a-fstatr.o)
                0x0000000000005702                _fstat_r
 .text._isatty_r
                0x0000000000005734       0x30 /usr/share/MRS2/MRS-linux-x64/resources/app/resources/linux/components/WCH/Toolchain/RISC-V Embedded GCC/bin/../lib/gcc/riscv-none-embed/8.2.0/../../../../riscv-none-embed/lib/rv32imacxw/ilp32/libg_nano.a(lib_a-isattyr.o)
                0x0000000000005734                _isatty_r
 .text._lseek_r
                0x0000000000005764       0x34 /usr/share/MRS2/MRS-linux-x64/resources/app/resources/linux/components/WCH/Toolchain/RISC-V Embedded GCC/bin/../lib/gcc/riscv-none-embed/8.2.0/../../../../riscv-none-embed/lib/rv32imacxw/ilp32/libg_nano.a(lib_a-lseekr.o)
                0x0000000000005764                _lseek_r
 .text.__malloc_lock
                0x0000000000005798        0x2 /usr/share/MRS2/MRS-linux-x64/resources/app/resources/linux/components/WCH/Toolchain/RISC-V Embedded GCC/bin/../lib/gcc/riscv-none-embed/8.2.0/../../../../riscv-none-embed/lib/rv32imacxw/ilp32/libg_nano.a(lib_a-mlock.o)
                0x0000000000005798                __malloc_lock
 .text.__malloc_unlock
                0x000000000000579a        0x2 /usr/share/MRS2/MRS-linux-x64/resources/app/resources/linux/components/WCH/Toolchain/RISC-V Embedded GCC/bin/../lib/gcc/riscv-none-embed/8.2.0/../../../../riscv-none-embed/lib/rv32imacxw/ilp32/libg_nano.a(lib_a-mlock.o)
                0x000000000000579a                __malloc_unlock
 .text._read_r  0x000000000000579c       0x34 /usr/share/MRS2/MRS-linux-x64/resources/app/resources/linux/components/WCH/Toolchain/RISC-V Embedded GCC/bin/../lib/gcc/riscv-none-embed/8.2.0/../../../../riscv-none-embed/lib/rv32imacxw/ilp32/libg_nano.a(lib_a-readr.o)
                0x000000000000579c                _read_r
 .text._close   0x00000000000057d0       0x10 /usr/share/MRS2/MRS-linux-x64/resources/app/resources/linux/components/WCH/Toolchain/RISC-V Embedded GCC/bin/../lib/gcc/riscv-none-embed/8.2.0/../../../../riscv-none-embed/lib/rv32imacxw/ilp32/libnosys.a(close.o)
                0x00000000000057d0                _close
 .text._fstat   0x00000000000057e0       0x10 /usr/share/MRS2/MRS-linux-x64/resources/app/resources/linux/components/WCH/Toolchain/RISC-V Embedded GCC/bin/../lib/gcc/riscv-none-embed/8.2.0/../../../../riscv-none-embed/lib/rv32imacxw/ilp32/libnosys.a(fstat.o)
                0x00000000000057e0                _fstat
 .text._isatty  0x00000000000057f0       0x10 /usr/share/MRS2/MRS-linux-x64/resources/app/resources/linux/components/WCH/Toolchain/RISC-V Embedded GCC/bin/../lib/gcc/riscv-none-embed/8.2.0/../../../../riscv-none-embed/lib/rv32imacxw/ilp32/libnosys.a(isatty.o)
                0x00000000000057f0                _isatty
 .text._lseek   0x0000000000005800       0x10 /usr/share/MRS2/MRS-linux-x64/resources/app/resources/linux/components/WCH/Toolchain/RISC-V Embedded GCC/bin/../lib/gcc/riscv-none-embed/8.2.0/../../../../riscv-none-embed/lib/rv32imacxw/ilp32/libnosys.a(lseek.o)
                0x0000000000005800                _lseek
 .text._read    0x0000000000005810       0x10 /usr/share/MRS2/MRS-linux-x64/resources/app/resources/linux/components/WCH/Toolchain/RISC-V Embedded GCC/bin/../lib/gcc/riscv-none-embed/8.2.0/../../../../riscv-none-embed/lib/rv32imacxw/ilp32/libnosys.a(read.o)
                0x0000000000005810                _read
 *(.rodata)
 *(.rodata*)
 .rodata.HUB_Port_PreEnum1.str1.4
                0x0000000000005820       0x4d ./User/USB_Host/app_km.o
 *fill*         0x000000000000586d        0x3 
 .rodata.HUB_Port_PreEnum2.str1.4
                0x0000000000005870       0x4c ./User/USB_Host/app_km.o
 .rodata.KM_DealHidReportDesc.str1.4
                0x00000000000058bc       0x1a ./User/USB_Host/app_km.o
 *fill*         0x00000000000058d6        0x2 
 .rodata.USBH_EnumHidDevice.str1.4
                0x00000000000058d8        0xb ./User/USB_Host/app_km.o
 *fill*         0x00000000000058e3        0x1 
 .rodata.USBH_EnumHubDevice.str1.4
                0x00000000000058e4       0x9c ./User/USB_Host/app_km.o
 .rodata.USBH_EnumHubPortDevice.str1.4
                0x0000000000005980       0x48 ./User/USB_Host/app_km.o
 .rodata.USBH_EnumRootDevice.str1.4
                0x00000000000059c8       0x6a ./User/USB_Host/app_km.o
                                         0x6e (size before relaxing)
 *fill*         0x0000000000005a32        0x2 
 .rodata.USBH_MainDeal.str1.4
                0x0000000000005a34      0x1f7 ./User/USB_Host/app_km.o
 *fill*         0x0000000000005c2b        0x1 
 .rodata.parse_report_descriptor
                0x0000000000005c2c       0x3c ./User/USB_Host/usb_hid_reportparser.o
 .rodata.imp_0_key_array
                0x0000000000005c68       0x20 ./User/USB_Host/usb_keyboard.o
 .rodata.imp_0_lalt
                0x0000000000005c88       0x20 ./User/USB_Host/usb_keyboard.o
 .rodata.imp_0_lctrl
                0x0000000000005ca8       0x20 ./User/USB_Host/usb_keyboard.o
 .rodata.imp_0_lgui
                0x0000000000005cc8       0x20 ./User/USB_Host/usb_keyboard.o
 .rodata.imp_0_lshift
                0x0000000000005ce8       0x20 ./User/USB_Host/usb_keyboard.o
 .rodata.imp_0_ralt
                0x0000000000005d08       0x20 ./User/USB_Host/usb_keyboard.o
 .rodata.imp_0_rctrl
                0x0000000000005d28       0x20 ./User/USB_Host/usb_keyboard.o
 .rodata.imp_0_rgui
                0x0000000000005d48       0x20 ./User/USB_Host/usb_keyboard.o
 .rodata.imp_0_rshift
                0x0000000000005d68       0x20 ./User/USB_Host/usb_keyboard.o
 .rodata.scancodeamiga
                0x0000000000005d88       0xe0 ./User/keyboard.o
 .rodata.main.str1.4
                0x0000000000005e68       0x6f ./User/main.o
 *fill*         0x0000000000005ed7        0x1 
 .rodata.__sf_fake_stderr
                0x0000000000005ed8       0x20 /usr/share/MRS2/MRS-linux-x64/resources/app/resources/linux/components/WCH/Toolchain/RISC-V Embedded GCC/bin/../lib/gcc/riscv-none-embed/8.2.0/../../../../riscv-none-embed/lib/rv32imacxw/ilp32/libg_nano.a(lib_a-findfp.o)
                0x0000000000005ed8                __sf_fake_stderr
 .rodata.__sf_fake_stdin
                0x0000000000005ef8       0x20 /usr/share/MRS2/MRS-linux-x64/resources/app/resources/linux/components/WCH/Toolchain/RISC-V Embedded GCC/bin/../lib/gcc/riscv-none-embed/8.2.0/../../../../riscv-none-embed/lib/rv32imacxw/ilp32/libg_nano.a(lib_a-findfp.o)
                0x0000000000005ef8                __sf_fake_stdin
 .rodata.__sf_fake_stdout
                0x0000000000005f18       0x20 /usr/share/MRS2/MRS-linux-x64/resources/app/resources/linux/components/WCH/Toolchain/RISC-V Embedded GCC/bin/../lib/gcc/riscv-none-embed/8.2.0/../../../../riscv-none-embed/lib/rv32imacxw/ilp32/libg_nano.a(lib_a-findfp.o)
                0x0000000000005f18                __sf_fake_stdout
 .rodata._vfprintf_r.str1.4
                0x0000000000005f38       0x13 /usr/share/MRS2/MRS-linux-x64/resources/app/resources/linux/components/WCH/Toolchain/RISC-V Embedded GCC/bin/../lib/gcc/riscv-none-embed/8.2.0/../../../../riscv-none-embed/lib/rv32imacxw/ilp32/libg_nano.a(lib_a-nano-vfprintf.o)
 *fill*         0x0000000000005f4b        0x1 
 .rodata._printf_i.str1.4
                0x0000000000005f4c       0x28 /usr/share/MRS2/MRS-linux-x64/resources/app/resources/linux/components/WCH/Toolchain/RISC-V Embedded GCC/bin/../lib/gcc/riscv-none-embed/8.2.0/../../../../riscv-none-embed/lib/rv32imacxw/ilp32/libg_nano.a(lib_a-nano-vfprintf_i.o)
                                         0x25 (size before relaxing)
 *(.gnu.linkonce.t.*)
                0x0000000000005f74                . = ALIGN (0x4)

.rela.dyn       0x0000000000005f74        0x0
 .rela.init     0x0000000000005f74        0x0 ./User/USB_Host/app_km.o
 .rela.vector   0x0000000000005f74        0x0 ./User/USB_Host/app_km.o
 .rela.text.handle_reset
                0x0000000000005f74        0x0 ./User/USB_Host/app_km.o
 .rela.text._sbrk
                0x0000000000005f74        0x0 ./User/USB_Host/app_km.o
 .rela.sdata.curbrk.4579
                0x0000000000005f74        0x0 ./User/USB_Host/app_km.o
 .rela.text._vfprintf_r
                0x0000000000005f74        0x0 ./User/USB_Host/app_km.o
 .rela.text._sbrk_r
                0x0000000000005f74        0x0 ./User/USB_Host/app_km.o
 .rela.text._write_r
                0x0000000000005f74        0x0 ./User/USB_Host/app_km.o
 .rela.text._close_r
                0x0000000000005f74        0x0 ./User/USB_Host/app_km.o
 .rela.text._fstat_r
                0x0000000000005f74        0x0 ./User/USB_Host/app_km.o
 .rela.text._isatty_r
                0x0000000000005f74        0x0 ./User/USB_Host/app_km.o
 .rela.text._lseek_r
                0x0000000000005f74        0x0 ./User/USB_Host/app_km.o
 .rela.text._read_r
                0x0000000000005f74        0x0 ./User/USB_Host/app_km.o
 .rela.text._close
                0x0000000000005f74        0x0 ./User/USB_Host/app_km.o
 .rela.text._fstat
                0x0000000000005f74        0x0 ./User/USB_Host/app_km.o
 .rela.text._isatty
                0x0000000000005f74        0x0 ./User/USB_Host/app_km.o
 .rela.text._lseek
                0x0000000000005f74        0x0 ./User/USB_Host/app_km.o
 .rela.text._read
                0x0000000000005f74        0x0 ./User/USB_Host/app_km.o

.fini           0x0000000000005f74        0x0
 *(SORT_NONE(.fini))
                0x0000000000005f74                . = ALIGN (0x4)
                [!provide]                        PROVIDE (_etext = .)
                [!provide]                        PROVIDE (_eitcm = .)

.preinit_array  0x0000000000005f74        0x0
                [!provide]                        PROVIDE (__preinit_array_start = .)
 *(.preinit_array)
                [!provide]                        PROVIDE (__preinit_array_end = .)

.init_array     0x0000000000005f74        0x0
                [!provide]                        PROVIDE (__init_array_start = .)
 *(SORT_BY_INIT_PRIORITY(.init_array.*) SORT_BY_INIT_PRIORITY(.ctors.*))
 *(.init_array EXCLUDE_FILE(*crtend?.o *crtend.o *crtbegin?.o *crtbegin.o) .ctors)
                [!provide]                        PROVIDE (__init_array_end = .)

.fini_array     0x0000000000005f74        0x0
                [!provide]                        PROVIDE (__fini_array_start = .)
 *(SORT_BY_INIT_PRIORITY(.fini_array.*) SORT_BY_INIT_PRIORITY(.dtors.*))
 *(.fini_array EXCLUDE_FILE(*crtend?.o *crtend.o *crtbegin?.o *crtbegin.o) .dtors)
                [!provide]                        PROVIDE (__fini_array_end = .)

.ctors
 *crtbegin.o(.ctors)
 *crtbegin?.o(.ctors)
 *(EXCLUDE_FILE(*crtend?.o *crtend.o) .ctors)
 *(SORT_BY_NAME(.ctors.*))
 *(.ctors)

.dtors
 *crtbegin.o(.dtors)
 *crtbegin?.o(.dtors)
 *(EXCLUDE_FILE(*crtend?.o *crtend.o) .dtors)
 *(SORT_BY_NAME(.dtors.*))
 *(.dtors)

.dalign         0x0000000020000000        0x0 load address 0x0000000000005f74
                0x0000000020000000                . = ALIGN (0x4)
                0x0000000020000000                PROVIDE (_data_vma = .)

.dlalign        0x0000000000005f74        0x0
                0x0000000000005f74                . = ALIGN (0x4)
                0x0000000000005f74                PROVIDE (_data_lma = .)

.data           0x0000000020000000       0xf0 load address 0x0000000000005f74
 *(.gnu.linkonce.r.*)
 *(.data .data.*)
 .data.APBAHBPrescTable
                0x0000000020000000       0x10 ./Peripheral/src/ch32v20x_rcc.o
 .data.impure_data
                0x0000000020000010       0x60 /usr/share/MRS2/MRS-linux-x64/resources/app/resources/linux/components/WCH/Toolchain/RISC-V Embedded GCC/bin/../lib/gcc/riscv-none-embed/8.2.0/../../../../riscv-none-embed/lib/rv32imacxw/ilp32/libg_nano.a(lib_a-impure.o)
 *(.gnu.linkonce.d.*)
                0x0000000020000070                . = ALIGN (0x8)
                0x0000000020000870                PROVIDE (__global_pointer$ = (. + 0x800))
 *(.sdata .sdata.*)
 .sdata.prev_keycode
                0x0000000020000070        0x1 ./User/keyboard.o
 .sdata.xTimerTop
                0x0000000020000071        0x1 ./User/mouse.o
                0x0000000020000071                xTimerTop
 .sdata.yTimerTop
                0x0000000020000072        0x1 ./User/mouse.o
                0x0000000020000072                yTimerTop
 *fill*         0x0000000020000073        0x1 
 .sdata.SystemCoreClock
                0x0000000020000074        0x4 ./User/system_ch32v20x.o
                0x0000000020000074                SystemCoreClock
 .sdata.ADCPrescTable
                0x0000000020000078        0x4 ./Peripheral/src/ch32v20x_rcc.o
 .sdata.curbrk.4579
                0x000000002000007c        0x4 ./Debug/debug.o
 .sdata._impure_ptr
                0x0000000020000080        0x4 /usr/share/MRS2/MRS-linux-x64/resources/app/resources/linux/components/WCH/Toolchain/RISC-V Embedded GCC/bin/../lib/gcc/riscv-none-embed/8.2.0/../../../../riscv-none-embed/lib/rv32imacxw/ilp32/libg_nano.a(lib_a-impure.o)
                0x0000000020000080                _impure_ptr
 *(.sdata2.*)
 .sdata2.SetupClearEndpStall
                0x0000000020000084        0x8 ./User/USB_Host/ch32v20x_usbfs_host.o
 .sdata2.SetupGetCfgDesc
                0x000000002000008c        0x8 ./User/USB_Host/ch32v20x_usbfs_host.o
 .sdata2.SetupGetDevDesc
                0x0000000020000094        0x8 ./User/USB_Host/ch32v20x_usbfs_host.o
 .sdata2.SetupGetStrDesc
                0x000000002000009c        0x8 ./User/USB_Host/ch32v20x_usbfs_host.o
 .sdata2.SetupSetAddr
                0x00000000200000a4        0x8 ./User/USB_Host/ch32v20x_usbfs_host.o
 .sdata2.SetupSetConfig
                0x00000000200000ac        0x8 ./User/USB_Host/ch32v20x_usbfs_host.o
 .sdata2.SetupGetHidDes
                0x00000000200000b4        0x8 ./User/USB_Host/usb_host_hid.o
 .sdata2.SetupSetReport
                0x00000000200000bc        0x8 ./User/USB_Host/usb_host_hid.o
 .sdata2.SetupSetidle
                0x00000000200000c4        0x8 ./User/USB_Host/usb_host_hid.o
 .sdata2.ClearPortFeature
                0x00000000200000cc        0x8 ./User/USB_Host/usb_host_hub.o
 .sdata2.GetHubDescr
                0x00000000200000d4        0x8 ./User/USB_Host/usb_host_hub.o
 .sdata2.GetPortStatus
                0x00000000200000dc        0x8 ./User/USB_Host/usb_host_hub.o
 .sdata2.SetPortFeature
                0x00000000200000e4        0x8 ./User/USB_Host/usb_host_hub.o
 .sdata2._global_impure_ptr
                0x00000000200000ec        0x4 /usr/share/MRS2/MRS-linux-x64/resources/app/resources/linux/components/WCH/Toolchain/RISC-V Embedded GCC/bin/../lib/gcc/riscv-none-embed/8.2.0/../../../../riscv-none-embed/lib/rv32imacxw/ilp32/libg_nano.a(lib_a-impure.o)
                0x00000000200000ec                _global_impure_ptr
 *(.gnu.linkonce.s.*)
                0x00000000200000f0                . = ALIGN (0x8)
 *(.srodata.cst16)
 *(.srodata.cst8)
 *(.srodata.cst4)
 *(.srodata.cst2)
 *(.srodata .srodata.*)
                0x00000000200000f0                . = ALIGN (0x4)
                0x00000000200000f0                PROVIDE (_edata = .)

.bss            0x00000000200000f0     0x1b38 load address 0x0000000000006064
                0x00000000200000f0                . = ALIGN (0x4)
                0x00000000200000f0                PROVIDE (_sbss = .)
 *(.sbss*)
 .sbss.gamepad_info
                0x00000000200000f0        0x2 ./User/USB_Host/usb_gamepad.o
                0x00000000200000f0                gamepad_info
 *fill*         0x00000000200000f2        0x2 
 .sbss.keybd_report_data
                0x00000000200000f4        0x8 ./User/USB_Host/usb_keyboard.o
                0x00000000200000f4                keybd_report_data
 .sbss.mouse_report_data
                0x00000000200000fc        0x8 ./User/USB_Host/usb_mouse.o
                0x00000000200000fc                mouse_report_data
 .sbss.capslk   0x0000000020000104        0x1 ./User/keyboard.o
 .sbss.i        0x0000000020000105        0x1 ./User/keyboard.o
                0x0000000020000105                i
 .sbss.numlk    0x0000000020000106        0x1 ./User/keyboard.o
 .sbss.scrolllk
                0x0000000020000107        0x1 ./User/keyboard.o
 .sbss.mouseDirectionX
                0x0000000020000108        0x1 ./User/mouse.o
                0x0000000020000108                mouseDirectionX
 .sbss.mouseDirectionY
                0x0000000020000109        0x1 ./User/mouse.o
                0x0000000020000109                mouseDirectionY
 .sbss.mouseDistanceX
                0x000000002000010a        0x2 ./User/mouse.o
                0x000000002000010a                mouseDistanceX
 .sbss.mouseDistanceY
                0x000000002000010c        0x2 ./User/mouse.o
                0x000000002000010c                mouseDistanceY
 .sbss.mouseEncoderPhaseX
                0x000000002000010e        0x1 ./User/mouse.o
                0x000000002000010e                mouseEncoderPhaseX
 .sbss.mouseEncoderPhaseY
                0x000000002000010f        0x1 ./User/mouse.o
                0x000000002000010f                mouseEncoderPhaseY
 .sbss.previousMMB
                0x0000000020000110        0x1 ./User/mouse.o
                0x0000000020000110                previousMMB
 .sbss.MCU_Version
                0x0000000020000111        0x1 ./Peripheral/src/ch32v20x_gpio.o
                0x0000000020000111                MCU_Version
 *fill*         0x0000000020000112        0x2 
 .sbss.NVIC_Priority_Group
                0x0000000020000114        0x4 ./Peripheral/src/ch32v20x_misc.o
                0x0000000020000114                NVIC_Priority_Group
 .sbss.p_ms     0x0000000020000118        0x2 ./Debug/debug.o
 .sbss.p_us     0x000000002000011a        0x1 ./Debug/debug.o
 *fill*         0x000000002000011b        0x1 
 .sbss.__malloc_free_list
                0x000000002000011c        0x4 /usr/share/MRS2/MRS-linux-x64/resources/app/resources/linux/components/WCH/Toolchain/RISC-V Embedded GCC/bin/../lib/gcc/riscv-none-embed/8.2.0/../../../../riscv-none-embed/lib/rv32imacxw/ilp32/libg_nano.a(lib_a-nano-mallocr.o)
                0x000000002000011c                __malloc_free_list
 .sbss.__malloc_sbrk_start
                0x0000000020000120        0x4 /usr/share/MRS2/MRS-linux-x64/resources/app/resources/linux/components/WCH/Toolchain/RISC-V Embedded GCC/bin/../lib/gcc/riscv-none-embed/8.2.0/../../../../riscv-none-embed/lib/rv32imacxw/ilp32/libg_nano.a(lib_a-nano-mallocr.o)
                0x0000000020000120                __malloc_sbrk_start
 *(.gnu.linkonce.sb.*)
 *(.bss*)
 .bss.Com_Buf   0x0000000020000124      0x400 ./User/USB_Host/app_km.o
                0x0000000020000124                Com_Buf
 .bss.DevDesc_Buf
                0x0000000020000524       0x12 ./User/USB_Host/app_km.o
                0x0000000020000524                DevDesc_Buf
 *fill*         0x0000000020000536        0x2 
 .bss.HostCtl   0x0000000020000538     0x1554 ./User/USB_Host/app_km.o
                0x0000000020000538                HostCtl
 .bss.RootHubDev
                0x0000000020001a8c       0x1f ./User/USB_Host/app_km.o
                0x0000000020001a8c                RootHubDev
 *fill*         0x0000000020001aab        0x1 
 .bss.USBFS_RX_Buf
                0x0000000020001aac       0x40 ./User/USB_Host/ch32v20x_usbfs_host.o
                0x0000000020001aac                USBFS_RX_Buf
 .bss.USBFS_TX_Buf
                0x0000000020001aec       0x40 ./User/USB_Host/ch32v20x_usbfs_host.o
                0x0000000020001aec                USBFS_TX_Buf
 .bss.gamepad_report_data
                0x0000000020001b2c       0x40 ./User/USB_Host/usb_gamepad.o
 .bss.keybd_info
                0x0000000020001b6c        0xf ./User/USB_Host/usb_keyboard.o
                0x0000000020001b6c                keybd_info
 *fill*         0x0000000020001b7b        0x1 
 .bss.mouse_info
                0x0000000020001b7c        0xa ./User/USB_Host/usb_mouse.o
                0x0000000020001b7c                mouse_info
 *fill*         0x0000000020001b86        0x2 
 .bss.prevkeycode
                0x0000000020001b88        0xf ./User/keyboard.o
 *fill*         0x0000000020001b97        0x1 
 .bss.ScrollBuffer
                0x0000000020001b98       0x8c ./User/mouse.o
                0x0000000020001b98                ScrollBuffer
 *(.gnu.linkonce.b.*)
 *(COMMON*)
 COMMON         0x0000000020001c24        0x4 /usr/share/MRS2/MRS-linux-x64/resources/app/resources/linux/components/WCH/Toolchain/RISC-V Embedded GCC/bin/../lib/gcc/riscv-none-embed/8.2.0/../../../../riscv-none-embed/lib/rv32imacxw/ilp32/libg_nano.a(lib_a-reent.o)
                0x0000000020001c24                errno
                0x0000000020001c28                . = ALIGN (0x4)
                0x0000000020001c28                PROVIDE (_ebss = .)
                0x0000000020001c28                PROVIDE (_end = _ebss)
                [!provide]                        PROVIDE (end = .)

.stack          0x0000000020004800      0x800
                0x0000000020004800                PROVIDE (_heap_end = .)
                0x0000000020004800                . = ALIGN (0x4)
                [!provide]                        PROVIDE (_susrstack = .)
                0x0000000020005000                . = (. + __stack_size)
 *fill*         0x0000000020004800      0x800 
                0x0000000020005000                PROVIDE (_eusrstack = .)
OUTPUT(A1200HID_USB.elf elf32-littleriscv)

.debug_info     0x0000000000000000    0x1f7ed
 .debug_info    0x0000000000000000     0x3d6d ./User/USB_Host/app_km.o
 .debug_info    0x0000000000003d6d     0x1df6 ./User/USB_Host/ch32v20x_usbfs_host.o
 .debug_info    0x0000000000005b63     0x1339 ./User/USB_Host/usb_gamepad.o
 .debug_info    0x0000000000006e9c      0xe2f ./User/USB_Host/usb_hid_reportparser.o
 .debug_info    0x0000000000007ccb     0x1207 ./User/USB_Host/usb_host_hid.o
 .debug_info    0x0000000000008ed2     0x1273 ./User/USB_Host/usb_host_hub.o
 .debug_info    0x000000000000a145     0x15a0 ./User/USB_Host/usb_keyboard.o
 .debug_info    0x000000000000b6e5     0x1314 ./User/USB_Host/usb_mouse.o
 .debug_info    0x000000000000c9f9     0x10e6 ./User/ch32v20x_it.o
 .debug_info    0x000000000000dadf     0x11ce ./User/gamepad.o
 .debug_info    0x000000000000ecad      0xf86 ./User/gpio.o
 .debug_info    0x000000000000fc33     0x185d ./User/keyboard.o
 .debug_info    0x0000000000011490     0x15ac ./User/main.o
 .debug_info    0x0000000000012a3c     0x1b9e ./User/mouse.o
 .debug_info    0x00000000000145da      0xb3b ./User/system_ch32v20x.o
 .debug_info    0x0000000000015115     0x19c4 ./User/tim.o
 .debug_info    0x0000000000016ad9      0x2c0 ./User/utils.o
 .debug_info    0x0000000000016d99       0x22 ./Startup/startup_ch32v20x_D6.o
 .debug_info    0x0000000000016dbb      0xc0d ./Peripheral/src/ch32v20x_exti.o
 .debug_info    0x00000000000179c8     0x10d9 ./Peripheral/src/ch32v20x_gpio.o
 .debug_info    0x0000000000018aa1      0xe7c ./Peripheral/src/ch32v20x_misc.o
 .debug_info    0x000000000001991d     0x125c ./Peripheral/src/ch32v20x_rcc.o
 .debug_info    0x000000000001ab79     0x29a5 ./Peripheral/src/ch32v20x_tim.o
 .debug_info    0x000000000001d51e     0x13b4 ./Peripheral/src/ch32v20x_usart.o
 .debug_info    0x000000000001e8d2      0xf1b ./Debug/debug.o

.debug_abbrev   0x0000000000000000     0x4a3e
 .debug_abbrev  0x0000000000000000      0x55e ./User/USB_Host/app_km.o
 .debug_abbrev  0x000000000000055e      0x49c ./User/USB_Host/ch32v20x_usbfs_host.o
 .debug_abbrev  0x00000000000009fa      0x35b ./User/USB_Host/usb_gamepad.o
 .debug_abbrev  0x0000000000000d55      0x28c ./User/USB_Host/usb_hid_reportparser.o
 .debug_abbrev  0x0000000000000fe1      0x271 ./User/USB_Host/usb_host_hid.o
 .debug_abbrev  0x0000000000001252      0x2a0 ./User/USB_Host/usb_host_hub.o
 .debug_abbrev  0x00000000000014f2      0x38b ./User/USB_Host/usb_keyboard.o
 .debug_abbrev  0x000000000000187d      0x327 ./User/USB_Host/usb_mouse.o
 .debug_abbrev  0x0000000000001ba4      0x2a1 ./User/ch32v20x_it.o
 .debug_abbrev  0x0000000000001e45      0x280 ./User/gamepad.o
 .debug_abbrev  0x00000000000020c5      0x260 ./User/gpio.o
 .debug_abbrev  0x0000000000002325      0x369 ./User/keyboard.o
 .debug_abbrev  0x000000000000268e      0x2df ./User/main.o
 .debug_abbrev  0x000000000000296d      0x34e ./User/mouse.o
 .debug_abbrev  0x0000000000002cbb      0x2b0 ./User/system_ch32v20x.o
 .debug_abbrev  0x0000000000002f6b      0x32e ./User/tim.o
 .debug_abbrev  0x0000000000003299      0x133 ./User/utils.o
 .debug_abbrev  0x00000000000033cc       0x12 ./Startup/startup_ch32v20x_D6.o
 .debug_abbrev  0x00000000000033de      0x2da ./Peripheral/src/ch32v20x_exti.o
 .debug_abbrev  0x00000000000036b8      0x33a ./Peripheral/src/ch32v20x_gpio.o
 .debug_abbrev  0x00000000000039f2      0x2fb ./Peripheral/src/ch32v20x_misc.o
 .debug_abbrev  0x0000000000003ced      0x351 ./Peripheral/src/ch32v20x_rcc.o
 .debug_abbrev  0x000000000000403e      0x408 ./Peripheral/src/ch32v20x_tim.o
 .debug_abbrev  0x0000000000004446      0x312 ./Peripheral/src/ch32v20x_usart.o
 .debug_abbrev  0x0000000000004758      0x2e6 ./Debug/debug.o

.debug_loc      0x0000000000000000     0x6bbe
 .debug_loc     0x0000000000000000     0x12fc ./User/USB_Host/app_km.o
 .debug_loc     0x00000000000012fc      0x7bd ./User/USB_Host/ch32v20x_usbfs_host.o
 .debug_loc     0x0000000000001ab9      0x28f ./User/USB_Host/usb_gamepad.o
 .debug_loc     0x0000000000001d48      0x85d ./User/USB_Host/usb_hid_reportparser.o
 .debug_loc     0x00000000000025a5      0x1a2 ./User/USB_Host/usb_host_hid.o
 .debug_loc     0x0000000000002747      0x1af ./User/USB_Host/usb_host_hub.o
 .debug_loc     0x00000000000028f6      0x214 ./User/USB_Host/usb_keyboard.o
 .debug_loc     0x0000000000002b0a      0x1e1 ./User/USB_Host/usb_mouse.o
 .debug_loc     0x0000000000002ceb       0x29 ./User/gamepad.o
 .debug_loc     0x0000000000002d14      0x3b7 ./User/keyboard.o
 .debug_loc     0x00000000000030cb       0xcf ./User/main.o
 .debug_loc     0x000000000000319a      0x1e0 ./User/mouse.o
 .debug_loc     0x000000000000337a       0xac ./User/system_ch32v20x.o
 .debug_loc     0x0000000000003426       0x2a ./User/tim.o
 .debug_loc     0x0000000000003450      0x3b2 ./User/utils.o
 .debug_loc     0x0000000000003802      0x181 ./Peripheral/src/ch32v20x_exti.o
 .debug_loc     0x0000000000003983      0x7fa ./Peripheral/src/ch32v20x_gpio.o
 .debug_loc     0x000000000000417d       0xce ./Peripheral/src/ch32v20x_misc.o
 .debug_loc     0x000000000000424b      0x797 ./Peripheral/src/ch32v20x_rcc.o
 .debug_loc     0x00000000000049e2     0x190e ./Peripheral/src/ch32v20x_tim.o
 .debug_loc     0x00000000000062f0      0x757 ./Peripheral/src/ch32v20x_usart.o
 .debug_loc     0x0000000000006a47      0x177 ./Debug/debug.o

.debug_aranges  0x0000000000000000      0xab0
 .debug_aranges
                0x0000000000000000       0xa0 ./User/USB_Host/app_km.o
 .debug_aranges
                0x00000000000000a0       0xb8 ./User/USB_Host/ch32v20x_usbfs_host.o
 .debug_aranges
                0x0000000000000158       0x28 ./User/USB_Host/usb_gamepad.o
 .debug_aranges
                0x0000000000000180       0x28 ./User/USB_Host/usb_hid_reportparser.o
 .debug_aranges
                0x00000000000001a8       0x30 ./User/USB_Host/usb_host_hid.o
 .debug_aranges
                0x00000000000001d8       0x38 ./User/USB_Host/usb_host_hub.o
 .debug_aranges
                0x0000000000000210       0x30 ./User/USB_Host/usb_keyboard.o
 .debug_aranges
                0x0000000000000240       0x28 ./User/USB_Host/usb_mouse.o
 .debug_aranges
                0x0000000000000268       0x30 ./User/ch32v20x_it.o
 .debug_aranges
                0x0000000000000298       0x20 ./User/gamepad.o
 .debug_aranges
                0x00000000000002b8       0x20 ./User/gpio.o
 .debug_aranges
                0x00000000000002d8       0x48 ./User/keyboard.o
 .debug_aranges
                0x0000000000000320       0x20 ./User/main.o
 .debug_aranges
                0x0000000000000340       0x48 ./User/mouse.o
 .debug_aranges
                0x0000000000000388       0x28 ./User/system_ch32v20x.o
 .debug_aranges
                0x00000000000003b0       0x38 ./User/tim.o
 .debug_aranges
                0x00000000000003e8       0x38 ./User/utils.o
 .debug_aranges
                0x0000000000000420       0x30 ./Startup/startup_ch32v20x_D6.o
 .debug_aranges
                0x0000000000000450       0x50 ./Peripheral/src/ch32v20x_exti.o
 .debug_aranges
                0x00000000000004a0       0xa8 ./Peripheral/src/ch32v20x_gpio.o
 .debug_aranges
                0x0000000000000548       0x28 ./Peripheral/src/ch32v20x_misc.o
 .debug_aranges
                0x0000000000000570      0x128 ./Peripheral/src/ch32v20x_rcc.o
 .debug_aranges
                0x0000000000000698      0x2d0 ./Peripheral/src/ch32v20x_tim.o
 .debug_aranges
                0x0000000000000968      0x100 ./Peripheral/src/ch32v20x_usart.o
 .debug_aranges
                0x0000000000000a68       0x48 ./Debug/debug.o

.debug_ranges   0x0000000000000000      0xb00
 .debug_ranges  0x0000000000000000       0xd8 ./User/USB_Host/app_km.o
 .debug_ranges  0x00000000000000d8       0xc0 ./User/USB_Host/ch32v20x_usbfs_host.o
 .debug_ranges  0x0000000000000198       0x30 ./User/USB_Host/usb_gamepad.o
 .debug_ranges  0x00000000000001c8       0x90 ./User/USB_Host/usb_hid_reportparser.o
 .debug_ranges  0x0000000000000258       0x20 ./User/USB_Host/usb_host_hid.o
 .debug_ranges  0x0000000000000278       0x28 ./User/USB_Host/usb_host_hub.o
 .debug_ranges  0x00000000000002a0       0x50 ./User/USB_Host/usb_keyboard.o
 .debug_ranges  0x00000000000002f0       0x18 ./User/USB_Host/usb_mouse.o
 .debug_ranges  0x0000000000000308       0x20 ./User/ch32v20x_it.o
 .debug_ranges  0x0000000000000328       0x10 ./User/gamepad.o
 .debug_ranges  0x0000000000000338       0x10 ./User/gpio.o
 .debug_ranges  0x0000000000000348       0x38 ./User/keyboard.o
 .debug_ranges  0x0000000000000380       0x68 ./User/main.o
 .debug_ranges  0x00000000000003e8       0x38 ./User/mouse.o
 .debug_ranges  0x0000000000000420       0x18 ./User/system_ch32v20x.o
 .debug_ranges  0x0000000000000438       0x28 ./User/tim.o
 .debug_ranges  0x0000000000000460       0x28 ./User/utils.o
 .debug_ranges  0x0000000000000488       0x28 ./Startup/startup_ch32v20x_D6.o
 .debug_ranges  0x00000000000004b0       0x40 ./Peripheral/src/ch32v20x_exti.o
 .debug_ranges  0x00000000000004f0       0x98 ./Peripheral/src/ch32v20x_gpio.o
 .debug_ranges  0x0000000000000588       0x48 ./Peripheral/src/ch32v20x_misc.o
 .debug_ranges  0x00000000000005d0      0x118 ./Peripheral/src/ch32v20x_rcc.o
 .debug_ranges  0x00000000000006e8      0x2f0 ./Peripheral/src/ch32v20x_tim.o
 .debug_ranges  0x00000000000009d8       0xf0 ./Peripheral/src/ch32v20x_usart.o
 .debug_ranges  0x0000000000000ac8       0x38 ./Debug/debug.o

.debug_line     0x0000000000000000    0x13cef
 .debug_line    0x0000000000000000     0x3697 ./User/USB_Host/app_km.o
 .debug_line    0x0000000000003697     0x154b ./User/USB_Host/ch32v20x_usbfs_host.o
 .debug_line    0x0000000000004be2      0x8e3 ./User/USB_Host/usb_gamepad.o
 .debug_line    0x00000000000054c5      0xe12 ./User/USB_Host/usb_hid_reportparser.o
 .debug_line    0x00000000000062d7      0x44b ./User/USB_Host/usb_host_hid.o
 .debug_line    0x0000000000006722      0x4ca ./User/USB_Host/usb_host_hub.o
 .debug_line    0x0000000000006bec      0x771 ./User/USB_Host/usb_keyboard.o
 .debug_line    0x000000000000735d      0x63a ./User/USB_Host/usb_mouse.o
 .debug_line    0x0000000000007997      0x44c ./User/ch32v20x_it.o
 .debug_line    0x0000000000007de3      0x49d ./User/gamepad.o
 .debug_line    0x0000000000008280      0x61b ./User/gpio.o
 .debug_line    0x000000000000889b      0xf2d ./User/keyboard.o
 .debug_line    0x00000000000097c8      0x757 ./User/main.o
 .debug_line    0x0000000000009f1f     0x10d3 ./User/mouse.o
 .debug_line    0x000000000000aff2      0x623 ./User/system_ch32v20x.o
 .debug_line    0x000000000000b615      0x6ad ./User/tim.o
 .debug_line    0x000000000000bcc2      0x701 ./User/utils.o
 .debug_line    0x000000000000c3c3      0x25f ./Startup/startup_ch32v20x_D6.o
 .debug_line    0x000000000000c622      0x649 ./Peripheral/src/ch32v20x_exti.o
 .debug_line    0x000000000000cc6b     0x106c ./Peripheral/src/ch32v20x_gpio.o
 .debug_line    0x000000000000dcd7      0x544 ./Peripheral/src/ch32v20x_misc.o
 .debug_line    0x000000000000e21b     0x11e2 ./Peripheral/src/ch32v20x_rcc.o
 .debug_line    0x000000000000f3fd     0x3163 ./Peripheral/src/ch32v20x_tim.o
 .debug_line    0x0000000000012560     0x101a ./Peripheral/src/ch32v20x_usart.o
 .debug_line    0x000000000001357a      0x775 ./Debug/debug.o

.debug_str      0x0000000000000000     0x3c89
 .debug_str     0x0000000000000000     0x17eb ./User/USB_Host/app_km.o
                                       0x1962 (size before relaxing)
 .debug_str     0x00000000000017eb      0x1b4 ./User/USB_Host/ch32v20x_usbfs_host.o
                                        0xf48 (size before relaxing)
 .debug_str     0x000000000000199f      0x16c ./User/USB_Host/usb_gamepad.o
                                        0xadb (size before relaxing)
 .debug_str     0x0000000000001b0b      0x112 ./User/USB_Host/usb_hid_reportparser.o
                                        0x75e (size before relaxing)
 .debug_str     0x0000000000001c1d       0x32 ./User/USB_Host/usb_host_hid.o
                                        0xa24 (size before relaxing)
 .debug_str     0x0000000000001c4f       0x36 ./User/USB_Host/usb_host_hub.o
                                        0xa45 (size before relaxing)
 .debug_str     0x0000000000001c85      0x1bd ./User/USB_Host/usb_keyboard.o
                                        0xbd6 (size before relaxing)
 .debug_str     0x0000000000001e42       0xa5 ./User/USB_Host/usb_mouse.o
                                        0xab2 (size before relaxing)
 .debug_str     0x0000000000001ee7       0x7e ./User/ch32v20x_it.o
                                        0x9d3 (size before relaxing)
 .debug_str     0x0000000000001f65       0x28 ./User/gamepad.o
                                        0x9fc (size before relaxing)
 .debug_str     0x0000000000001f8d      0x253 ./User/gpio.o
                                        0xbeb (size before relaxing)
 .debug_str     0x00000000000021e0      0x1d2 ./User/keyboard.o
                                        0xbef (size before relaxing)
 .debug_str     0x00000000000023b2       0x74 ./User/main.o
                                        0xb86 (size before relaxing)
 .debug_str     0x0000000000002426      0x16e ./User/mouse.o
                                        0xcff (size before relaxing)
 .debug_str     0x0000000000002594       0xf3 ./User/system_ch32v20x.o
                                        0x6a6 (size before relaxing)
 .debug_str     0x0000000000002687       0x2e ./User/tim.o
                                        0xffd (size before relaxing)
 .debug_str     0x00000000000026b5       0x25 ./User/utils.o
                                        0x243 (size before relaxing)
 .debug_str     0x00000000000026da       0x2d ./Startup/startup_ch32v20x_D6.o
                                         0x5f (size before relaxing)
 .debug_str     0x0000000000002707       0xc6 ./Peripheral/src/ch32v20x_exti.o
                                        0x793 (size before relaxing)
 .debug_str     0x00000000000027cd      0x1fb ./Peripheral/src/ch32v20x_gpio.o
                                        0x983 (size before relaxing)
 .debug_str     0x00000000000029c8       0xa3 ./Peripheral/src/ch32v20x_misc.o
                                        0xa8b (size before relaxing)
 .debug_str     0x0000000000002a6b      0x3a0 ./Peripheral/src/ch32v20x_rcc.o
                                        0xac2 (size before relaxing)
 .debug_str     0x0000000000002e0b      0x9f3 ./Peripheral/src/ch32v20x_tim.o
                                       0x1281 (size before relaxing)
 .debug_str     0x00000000000037fe      0x415 ./Peripheral/src/ch32v20x_usart.o
                                        0xb1d (size before relaxing)
 .debug_str     0x0000000000003c13       0x76 ./Debug/debug.o
                                        0x905 (size before relaxing)

.comment        0x0000000000000000       0x33
 .comment       0x0000000000000000       0x33 ./User/USB_Host/app_km.o
                                         0x34 (size before relaxing)
 .comment       0x0000000000000033       0x34 ./User/USB_Host/ch32v20x_usbfs_host.o
 .comment       0x0000000000000033       0x34 ./User/USB_Host/usb_gamepad.o
 .comment       0x0000000000000033       0x34 ./User/USB_Host/usb_hid_reportparser.o
 .comment       0x0000000000000033       0x34 ./User/USB_Host/usb_host_hid.o
 .comment       0x0000000000000033       0x34 ./User/USB_Host/usb_host_hub.o
 .comment       0x0000000000000033       0x34 ./User/USB_Host/usb_keyboard.o
 .comment       0x0000000000000033       0x34 ./User/USB_Host/usb_mouse.o
 .comment       0x0000000000000033       0x34 ./User/ch32v20x_it.o
 .comment       0x0000000000000033       0x34 ./User/gamepad.o
 .comment       0x0000000000000033       0x34 ./User/gpio.o
 .comment       0x0000000000000033       0x34 ./User/keyboard.o
 .comment       0x0000000000000033       0x34 ./User/main.o
 .comment       0x0000000000000033       0x34 ./User/mouse.o
 .comment       0x0000000000000033       0x34 ./User/system_ch32v20x.o
 .comment       0x0000000000000033       0x34 ./User/tim.o
 .comment       0x0000000000000033       0x34 ./User/utils.o
 .comment       0x0000000000000033       0x34 ./Peripheral/src/ch32v20x_exti.o
 .comment       0x0000000000000033       0x34 ./Peripheral/src/ch32v20x_gpio.o
 .comment       0x0000000000000033       0x34 ./Peripheral/src/ch32v20x_misc.o
 .comment       0x0000000000000033       0x34 ./Peripheral/src/ch32v20x_rcc.o
 .comment       0x0000000000000033       0x34 ./Peripheral/src/ch32v20x_tim.o
 .comment       0x0000000000000033       0x34 ./Peripheral/src/ch32v20x_usart.o
 .comment       0x0000000000000033       0x34 ./Debug/debug.o

.debug_frame    0x0000000000000000     0x2280
 .debug_frame   0x0000000000000000      0x364 ./User/USB_Host/app_km.o
 .debug_frame   0x0000000000000364      0x2a4 ./User/USB_Host/ch32v20x_usbfs_host.o
 .debug_frame   0x0000000000000608       0x68 ./User/USB_Host/usb_gamepad.o
 .debug_frame   0x0000000000000670       0x68 ./User/USB_Host/usb_hid_reportparser.o
 .debug_frame   0x00000000000006d8       0x64 ./User/USB_Host/usb_host_hid.o
 .debug_frame   0x000000000000073c       0x90 ./User/USB_Host/usb_host_hub.o
 .debug_frame   0x00000000000007cc       0x68 ./User/USB_Host/usb_keyboard.o
 .debug_frame   0x0000000000000834       0x6c ./User/USB_Host/usb_mouse.o
 .debug_frame   0x00000000000008a0       0x40 ./User/ch32v20x_it.o
 .debug_frame   0x00000000000008e0       0x30 ./User/gamepad.o
 .debug_frame   0x0000000000000910       0x40 ./User/gpio.o
 .debug_frame   0x0000000000000950       0xd0 ./User/keyboard.o
 .debug_frame   0x0000000000000a20       0x40 ./User/main.o
 .debug_frame   0x0000000000000a60       0xec ./User/mouse.o
 .debug_frame   0x0000000000000b4c       0x30 ./User/system_ch32v20x.o
 .debug_frame   0x0000000000000b7c       0x80 ./User/tim.o
 .debug_frame   0x0000000000000bfc       0x50 ./User/utils.o
 .debug_frame   0x0000000000000c4c       0x90 ./Peripheral/src/ch32v20x_exti.o
 .debug_frame   0x0000000000000cdc      0x148 ./Peripheral/src/ch32v20x_gpio.o
 .debug_frame   0x0000000000000e24       0x30 ./Peripheral/src/ch32v20x_misc.o
 .debug_frame   0x0000000000000e54      0x244 ./Peripheral/src/ch32v20x_rcc.o
 .debug_frame   0x0000000000001098      0x614 ./Peripheral/src/ch32v20x_tim.o
 .debug_frame   0x00000000000016ac      0x204 ./Peripheral/src/ch32v20x_usart.o
 .debug_frame   0x00000000000018b0       0x9c ./Debug/debug.o
 .debug_frame   0x000000000000194c       0x20 /usr/share/MRS2/MRS-linux-x64/resources/app/resources/linux/components/WCH/Toolchain/RISC-V Embedded GCC/bin/../lib/gcc/riscv-none-embed/8.2.0/../../../../riscv-none-embed/lib/rv32imacxw/ilp32/libg_nano.a(lib_a-memchr.o)
 .debug_frame   0x000000000000196c       0x20 /usr/share/MRS2/MRS-linux-x64/resources/app/resources/linux/components/WCH/Toolchain/RISC-V Embedded GCC/bin/../lib/gcc/riscv-none-embed/8.2.0/../../../../riscv-none-embed/lib/rv32imacxw/ilp32/libg_nano.a(lib_a-memcpy.o)
 .debug_frame   0x000000000000198c       0x54 /usr/share/MRS2/MRS-linux-x64/resources/app/resources/linux/components/WCH/Toolchain/RISC-V Embedded GCC/bin/../lib/gcc/riscv-none-embed/8.2.0/../../../../riscv-none-embed/lib/rv32imacxw/ilp32/libg_nano.a(lib_a-printf.o)
 .debug_frame   0x00000000000019e0       0x54 /usr/share/MRS2/MRS-linux-x64/resources/app/resources/linux/components/WCH/Toolchain/RISC-V Embedded GCC/bin/../lib/gcc/riscv-none-embed/8.2.0/../../../../riscv-none-embed/lib/rv32imacxw/ilp32/libg_nano.a(lib_a-puts.o)
 .debug_frame   0x0000000000001a34       0x50 /usr/share/MRS2/MRS-linux-x64/resources/app/resources/linux/components/WCH/Toolchain/RISC-V Embedded GCC/bin/../lib/gcc/riscv-none-embed/8.2.0/../../../../riscv-none-embed/lib/rv32imacxw/ilp32/libg_nano.a(lib_a-wbuf.o)
 .debug_frame   0x0000000000001a84       0x3c /usr/share/MRS2/MRS-linux-x64/resources/app/resources/linux/components/WCH/Toolchain/RISC-V Embedded GCC/bin/../lib/gcc/riscv-none-embed/8.2.0/../../../../riscv-none-embed/lib/rv32imacxw/ilp32/libg_nano.a(lib_a-wsetup.o)
 .debug_frame   0x0000000000001ac0       0x7c /usr/share/MRS2/MRS-linux-x64/resources/app/resources/linux/components/WCH/Toolchain/RISC-V Embedded GCC/bin/../lib/gcc/riscv-none-embed/8.2.0/../../../../riscv-none-embed/lib/rv32imacxw/ilp32/libg_nano.a(lib_a-fflush.o)
 .debug_frame   0x0000000000001b3c      0x148 /usr/share/MRS2/MRS-linux-x64/resources/app/resources/linux/components/WCH/Toolchain/RISC-V Embedded GCC/bin/../lib/gcc/riscv-none-embed/8.2.0/../../../../riscv-none-embed/lib/rv32imacxw/ilp32/libg_nano.a(lib_a-findfp.o)
 .debug_frame   0x0000000000001c84       0x88 /usr/share/MRS2/MRS-linux-x64/resources/app/resources/linux/components/WCH/Toolchain/RISC-V Embedded GCC/bin/../lib/gcc/riscv-none-embed/8.2.0/../../../../riscv-none-embed/lib/rv32imacxw/ilp32/libg_nano.a(lib_a-fwalk.o)
 .debug_frame   0x0000000000001d0c       0x64 /usr/share/MRS2/MRS-linux-x64/resources/app/resources/linux/components/WCH/Toolchain/RISC-V Embedded GCC/bin/../lib/gcc/riscv-none-embed/8.2.0/../../../../riscv-none-embed/lib/rv32imacxw/ilp32/libg_nano.a(lib_a-makebuf.o)
 .debug_frame   0x0000000000001d70       0x40 /usr/share/MRS2/MRS-linux-x64/resources/app/resources/linux/components/WCH/Toolchain/RISC-V Embedded GCC/bin/../lib/gcc/riscv-none-embed/8.2.0/../../../../riscv-none-embed/lib/rv32imacxw/ilp32/libg_nano.a(lib_a-nano-freer.o)
 .debug_frame   0x0000000000001db0       0x40 /usr/share/MRS2/MRS-linux-x64/resources/app/resources/linux/components/WCH/Toolchain/RISC-V Embedded GCC/bin/../lib/gcc/riscv-none-embed/8.2.0/../../../../riscv-none-embed/lib/rv32imacxw/ilp32/libg_nano.a(lib_a-nano-mallocr.o)
 .debug_frame   0x0000000000001df0       0xd0 /usr/share/MRS2/MRS-linux-x64/resources/app/resources/linux/components/WCH/Toolchain/RISC-V Embedded GCC/bin/../lib/gcc/riscv-none-embed/8.2.0/../../../../riscv-none-embed/lib/rv32imacxw/ilp32/libg_nano.a(lib_a-nano-vfprintf.o)
 .debug_frame   0x0000000000001ec0       0x8c /usr/share/MRS2/MRS-linux-x64/resources/app/resources/linux/components/WCH/Toolchain/RISC-V Embedded GCC/bin/../lib/gcc/riscv-none-embed/8.2.0/../../../../riscv-none-embed/lib/rv32imacxw/ilp32/libg_nano.a(lib_a-nano-vfprintf_i.o)
 .debug_frame   0x0000000000001f4c       0x30 /usr/share/MRS2/MRS-linux-x64/resources/app/resources/linux/components/WCH/Toolchain/RISC-V Embedded GCC/bin/../lib/gcc/riscv-none-embed/8.2.0/../../../../riscv-none-embed/lib/rv32imacxw/ilp32/libg_nano.a(lib_a-sbrkr.o)
 .debug_frame   0x0000000000001f7c       0xa4 /usr/share/MRS2/MRS-linux-x64/resources/app/resources/linux/components/WCH/Toolchain/RISC-V Embedded GCC/bin/../lib/gcc/riscv-none-embed/8.2.0/../../../../riscv-none-embed/lib/rv32imacxw/ilp32/libg_nano.a(lib_a-stdio.o)
 .debug_frame   0x0000000000002020       0x30 /usr/share/MRS2/MRS-linux-x64/resources/app/resources/linux/components/WCH/Toolchain/RISC-V Embedded GCC/bin/../lib/gcc/riscv-none-embed/8.2.0/../../../../riscv-none-embed/lib/rv32imacxw/ilp32/libg_nano.a(lib_a-writer.o)
 .debug_frame   0x0000000000002050       0x30 /usr/share/MRS2/MRS-linux-x64/resources/app/resources/linux/components/WCH/Toolchain/RISC-V Embedded GCC/bin/../lib/gcc/riscv-none-embed/8.2.0/../../../../riscv-none-embed/lib/rv32imacxw/ilp32/libg_nano.a(lib_a-closer.o)
 .debug_frame   0x0000000000002080       0x30 /usr/share/MRS2/MRS-linux-x64/resources/app/resources/linux/components/WCH/Toolchain/RISC-V Embedded GCC/bin/../lib/gcc/riscv-none-embed/8.2.0/../../../../riscv-none-embed/lib/rv32imacxw/ilp32/libg_nano.a(lib_a-fstatr.o)
 .debug_frame   0x00000000000020b0       0x30 /usr/share/MRS2/MRS-linux-x64/resources/app/resources/linux/components/WCH/Toolchain/RISC-V Embedded GCC/bin/../lib/gcc/riscv-none-embed/8.2.0/../../../../riscv-none-embed/lib/rv32imacxw/ilp32/libg_nano.a(lib_a-isattyr.o)
 .debug_frame   0x00000000000020e0       0x30 /usr/share/MRS2/MRS-linux-x64/resources/app/resources/linux/components/WCH/Toolchain/RISC-V Embedded GCC/bin/../lib/gcc/riscv-none-embed/8.2.0/../../../../riscv-none-embed/lib/rv32imacxw/ilp32/libg_nano.a(lib_a-lseekr.o)
 .debug_frame   0x0000000000002110       0x30 /usr/share/MRS2/MRS-linux-x64/resources/app/resources/linux/components/WCH/Toolchain/RISC-V Embedded GCC/bin/../lib/gcc/riscv-none-embed/8.2.0/../../../../riscv-none-embed/lib/rv32imacxw/ilp32/libg_nano.a(lib_a-mlock.o)
 .debug_frame   0x0000000000002140       0x30 /usr/share/MRS2/MRS-linux-x64/resources/app/resources/linux/components/WCH/Toolchain/RISC-V Embedded GCC/bin/../lib/gcc/riscv-none-embed/8.2.0/../../../../riscv-none-embed/lib/rv32imacxw/ilp32/libg_nano.a(lib_a-readr.o)
 .debug_frame   0x0000000000002170       0x70 /usr/share/MRS2/MRS-linux-x64/resources/app/resources/linux/components/WCH/Toolchain/RISC-V Embedded GCC/bin/../lib/gcc/riscv-none-embed/8.2.0/../../../../riscv-none-embed/lib/rv32imacxw/ilp32/libg_nano.a(lib_a-reent.o)
 .debug_frame   0x00000000000021e0       0x20 /usr/share/MRS2/MRS-linux-x64/resources/app/resources/linux/components/WCH/Toolchain/RISC-V Embedded GCC/bin/../lib/gcc/riscv-none-embed/8.2.0/../../../../riscv-none-embed/lib/rv32imacxw/ilp32/libnosys.a(close.o)
 .debug_frame   0x0000000000002200       0x20 /usr/share/MRS2/MRS-linux-x64/resources/app/resources/linux/components/WCH/Toolchain/RISC-V Embedded GCC/bin/../lib/gcc/riscv-none-embed/8.2.0/../../../../riscv-none-embed/lib/rv32imacxw/ilp32/libnosys.a(fstat.o)
 .debug_frame   0x0000000000002220       0x20 /usr/share/MRS2/MRS-linux-x64/resources/app/resources/linux/components/WCH/Toolchain/RISC-V Embedded GCC/bin/../lib/gcc/riscv-none-embed/8.2.0/../../../../riscv-none-embed/lib/rv32imacxw/ilp32/libnosys.a(isatty.o)
 .debug_frame   0x0000000000002240       0x20 /usr/share/MRS2/MRS-linux-x64/resources/app/resources/linux/components/WCH/Toolchain/RISC-V Embedded GCC/bin/../lib/gcc/riscv-none-embed/8.2.0/../../../../riscv-none-embed/lib/rv32imacxw/ilp32/libnosys.a(lseek.o)
 .debug_frame   0x0000000000002260       0x20 /usr/share/MRS2/MRS-linux-x64/resources/app/resources/linux/components/WCH/Toolchain/RISC-V Embedded GCC/bin/../lib/gcc/riscv-none-embed/8.2.0/../../../../riscv-none-embed/lib/rv32imacxw/ilp32/libnosys.a(read.o)

.stab           0x0000000000000000       0x84
 .stab          0x0000000000000000       0x24 /usr/share/MRS2/MRS-linux-x64/resources/app/resources/linux/components/WCH/Toolchain/RISC-V Embedded GCC/bin/../lib/gcc/riscv-none-embed/8.2.0/../../../../riscv-none-embed/lib/rv32imacxw/ilp32/libnosys.a(close.o)
 .stab          0x0000000000000024       0x18 /usr/share/MRS2/MRS-linux-x64/resources/app/resources/linux/components/WCH/Toolchain/RISC-V Embedded GCC/bin/../lib/gcc/riscv-none-embed/8.2.0/../../../../riscv-none-embed/lib/rv32imacxw/ilp32/libnosys.a(fstat.o)
                                         0x24 (size before relaxing)
 .stab          0x000000000000003c       0x18 /usr/share/MRS2/MRS-linux-x64/resources/app/resources/linux/components/WCH/Toolchain/RISC-V Embedded GCC/bin/../lib/gcc/riscv-none-embed/8.2.0/../../../../riscv-none-embed/lib/rv32imacxw/ilp32/libnosys.a(isatty.o)
                                         0x24 (size before relaxing)
 .stab          0x0000000000000054       0x18 /usr/share/MRS2/MRS-linux-x64/resources/app/resources/linux/components/WCH/Toolchain/RISC-V Embedded GCC/bin/../lib/gcc/riscv-none-embed/8.2.0/../../../../riscv-none-embed/lib/rv32imacxw/ilp32/libnosys.a(lseek.o)
                                         0x24 (size before relaxing)
 .stab          0x000000000000006c       0x18 /usr/share/MRS2/MRS-linux-x64/resources/app/resources/linux/components/WCH/Toolchain/RISC-V Embedded GCC/bin/../lib/gcc/riscv-none-embed/8.2.0/../../../../riscv-none-embed/lib/rv32imacxw/ilp32/libnosys.a(read.o)
                                         0x24 (size before relaxing)

.stabstr        0x0000000000000000      0x117
 .stabstr       0x0000000000000000      0x117 /usr/share/MRS2/MRS-linux-x64/resources/app/resources/linux/components/WCH/Toolchain/RISC-V Embedded GCC/bin/../lib/gcc/riscv-none-embed/8.2.0/../../../../riscv-none-embed/lib/rv32imacxw/ilp32/libnosys.a(close.o)
